ARM Linker, RVCT4.0 [Build 524] for uVision [Professional]

==============================================================================

Section Cross References

    main.o(i.DispLogo) refers to usart_printf.o(i.PrintfLogo) for PrintfLogo
    main.o(i.GPIO_Configuration) refers to stm32f10x_rcc.o(i.RCC_APB2PeriphClockCmd) for RCC_APB2PeriphClockCmd
    main.o(i.GPIO_Configuration) refers to stm32f10x_gpio.o(i.GPIO_Init) for GPIO_Init
    main.o(i.GPIO_Configuration) refers to stm32f10x_gpio.o(i.GPIO_ResetBits) for GPIO_ResetBits
    main.o(i.GPIO_Configuration) refers to main.o(i.Delay) for Delay
    main.o(i.GPIO_Configuration) refers to stm32f10x_gpio.o(i.GPIO_SetBits) for GPIO_SetBits
    main.o(i.InitNet) refers to tapdev.o(i.tapdev_init) for tapdev_init
    main.o(i.InitNet) refers to printf8.o(i.__0printf$8) for __2printf
    main.o(i.InitNet) refers to uip.o(i.uip_init) for uip_init
    main.o(i.InitNet) refers to uip.o(.data) for uip_hostaddr
    main.o(i.Init_fd) refers to system_stm32f10x.o(i.SystemInit) for SystemInit
    main.o(i.Init_fd) refers to main.o(i.GPIO_Configuration) for GPIO_Configuration
    main.o(i.Init_fd) refers to usart_printf.o(i.USART_Configuration) for USART_Configuration
    main.o(i.Init_fd) refers to system_stm32f10x.o(.constdata) for SystemFrequency
    main.o(i.UipPro) refers to timer.o(i.timer_set) for timer_set
    main.o(i.UipPro) refers to tapdev.o(i.tapdev_read) for tapdev_read
    main.o(i.UipPro) refers to uip.o(i.htons) for htons
    main.o(i.UipPro) refers to uip.o(i.uip_process) for uip_process
    main.o(i.UipPro) refers to uip_arp.o(i.uip_arp_out) for uip_arp_out
    main.o(i.UipPro) refers to tapdev.o(i.tapdev_send) for tapdev_send
    main.o(i.UipPro) refers to uip_arp.o(i.uip_arp_arpin) for uip_arp_arpin
    main.o(i.UipPro) refers to timer.o(i.timer_expired) for timer_expired
    main.o(i.UipPro) refers to timer.o(i.timer_reset) for timer_reset
    main.o(i.UipPro) refers to uip_arp.o(i.uip_arp_timer) for uip_arp_timer
    main.o(i.UipPro) refers to main.o(.data) for .data
    main.o(i.UipPro) refers to uip.o(.data) for uip_len
    main.o(i.UipPro) refers to uip.o(.bss) for uip_buf
    main.o(i.main) refers to main.o(i.Init_fd) for Init_fd
    main.o(i.main) refers to main.o(i.DispLogo) for DispLogo
    main.o(i.main) refers to spi.o(i.SPI1_Init) for SPI1_Init
    main.o(i.main) refers to main.o(i.InitNet) for InitNet
    main.o(i.main) refers to uip.o(i.uip_listen) for uip_listen
    main.o(i.main) refers to main.o(i.UipPro) for UipPro
    stm32f10x_it.o(i.SysTick_Handler) refers to systick.o(i.SysTick_ISR) for SysTick_ISR
    usart_printf.o(i.PrintfLogo) refers to printf8.o(i.__0printf$8) for __2printf
    usart_printf.o(i.USART_Configuration) refers to stm32f10x_rcc.o(i.RCC_APB2PeriphClockCmd) for RCC_APB2PeriphClockCmd
    usart_printf.o(i.USART_Configuration) refers to stm32f10x_gpio.o(i.GPIO_Init) for GPIO_Init
    usart_printf.o(i.USART_Configuration) refers to stm32f10x_usart.o(i.USART_Init) for USART_Init
    usart_printf.o(i.USART_Configuration) refers to stm32f10x_usart.o(i.USART_Cmd) for USART_Cmd
    usart_printf.o(i.USART_Configuration) refers to stm32f10x_usart.o(i.USART_ClearFlag) for USART_ClearFlag
    usart_printf.o(i.fgetc) refers to stm32f10x_usart.o(i.USART_GetFlagStatus) for USART_GetFlagStatus
    usart_printf.o(i.fgetc) refers to stm32f10x_usart.o(i.USART_ReceiveData) for USART_ReceiveData
    usart_printf.o(i.fputc) refers to stm32f10x_usart.o(i.USART_SendData) for USART_SendData
    usart_printf.o(i.fputc) refers to stm32f10x_usart.o(i.USART_GetFlagStatus) for USART_GetFlagStatus
    systick.o(i.CheckTimer) refers to systick.o(.bss) for g_Tmr
    systick.o(i.DelayMS) refers to systick.o(.bss) for g_Tmr
    systick.o(i.GetRunTime) refers to systick.o(.data) for g_RunTime
    systick.o(i.StartTimer) refers to systick.o(.bss) for g_Tmr
    systick.o(i.SysTick_ISR) refers to systick.o(i.SoftTimerDec) for SoftTimerDec
    systick.o(i.SysTick_ISR) refers to systick.o(.bss) for g_Tmr
    systick.o(i.SysTick_ISR) refers to systick.o(.data) for .data
    spi.o(i.SPI1_Init) refers to stm32f10x_rcc.o(i.RCC_APB2PeriphClockCmd) for RCC_APB2PeriphClockCmd
    spi.o(i.SPI1_Init) refers to stm32f10x_gpio.o(i.GPIO_Init) for GPIO_Init
    spi.o(i.SPI1_Init) refers to stm32f10x_gpio.o(i.GPIO_SetBits) for GPIO_SetBits
    spi.o(i.SPI1_Init) refers to stm32f10x_spi.o(i.SPI_Init) for SPI_Init
    spi.o(i.SPI1_Init) refers to stm32f10x_spi.o(i.SPI_Cmd) for SPI_Cmd
    spi.o(i.SPI1_ReadWrite) refers to stm32f10x_spi.o(i.SPI_I2S_GetFlagStatus) for SPI_I2S_GetFlagStatus
    spi.o(i.SPI1_ReadWrite) refers to stm32f10x_spi.o(i.SPI_I2S_SendData) for SPI_I2S_SendData
    spi.o(i.SPI1_ReadWrite) refers to stm32f10x_spi.o(i.SPI_I2S_ReceiveData) for SPI_I2S_ReceiveData
    web_server.o(i.WebServer) refers to timer.o(i.timer_set) for timer_set
    web_server.o(i.WebServer) refers to printf8.o(i.__0printf$8) for __2printf
[...]
    Removing stm32f10x_gpio.o(i.GPIO_StructInit), (16 bytes).
    Removing stm32f10x_gpio.o(i.GPIO_Write), (4 bytes).
    Removing stm32f10x_gpio.o(i.GPIO_WriteBit), (10 bytes).
    Removing stm32f10x_fsmc.o(i.FSMC_ClearFlag), (64 bytes).
    Removing stm32f10x_fsmc.o(i.FSMC_ClearITPendingBit), (72 bytes).
    Removing stm32f10x_fsmc.o(i.FSMC_GetECC), (28 bytes).
    Removing stm32f10x_fsmc.o(i.FSMC_GetFlagStatus), (56 bytes).
    Removing stm32f10x_fsmc.o(i.FSMC_GetITStatus), (68 bytes).
    Removing stm32f10x_fsmc.o(i.FSMC_ITConfig), (128 bytes).
    Removing stm32f10x_fsmc.o(i.FSMC_NANDCmd), (92 bytes).
    Removing stm32f10x_fsmc.o(i.FSMC_NANDDeInit), (68 bytes).
    Removing stm32f10x_fsmc.o(i.FSMC_NANDECCCmd), (92 bytes).
    Removing stm32f10x_fsmc.o(i.FSMC_NANDInit), (136 bytes).
    Removing stm32f10x_fsmc.o(i.FSMC_NANDStructInit), (54 bytes).
    Removing stm32f10x_fsmc.o(i.FSMC_NORSRAMCmd), (52 bytes).
    Removing stm32f10x_fsmc.o(i.FSMC_NORSRAMDeInit), (56 bytes).
    Removing stm32f10x_fsmc.o(i.FSMC_NORSRAMInit), (220 bytes).
    Removing stm32f10x_fsmc.o(i.FSMC_NORSRAMStructInit), (112 bytes).
    Removing stm32f10x_fsmc.o(i.FSMC_PCCARDCmd), (48 bytes).
    Removing stm32f10x_fsmc.o(i.FSMC_PCCARDDeInit), (40 bytes).
    Removing stm32f10x_fsmc.o(i.FSMC_PCCARDInit), (132 bytes).
    Removing stm32f10x_fsmc.o(i.FSMC_PCCARDStructInit), (60 bytes).
    Removing stm32f10x_spi.o(i.I2S_Cmd), (24 bytes).
    Removing stm32f10x_spi.o(i.I2S_Init), (220 bytes).
    Removing stm32f10x_spi.o(i.I2S_StructInit), (20 bytes).
    Removing stm32f10x_spi.o(i.SPI_BiDirectionalLineConfig), (28 bytes).
    Removing stm32f10x_spi.o(i.SPI_CalculateCRC), (24 bytes).
    Removing stm32f10x_spi.o(i.SPI_DataSizeConfig), (18 bytes).
    Removing stm32f10x_spi.o(i.SPI_GetCRC), (16 bytes).
    Removing stm32f10x_spi.o(i.SPI_GetCRCPolynomial), (6 bytes).
    Removing stm32f10x_spi.o(i.SPI_I2S_ClearFlag), (6 bytes).
    Removing stm32f10x_spi.o(i.SPI_I2S_ClearITPendingBit), (20 bytes).
    Removing stm32f10x_spi.o(i.SPI_I2S_DMACmd), (24 bytes).
    Removing stm32f10x_spi.o(i.SPI_I2S_DeInit), (88 bytes).
    Removing stm32f10x_spi.o(i.SPI_I2S_GetITStatus), (52 bytes).
    Removing stm32f10x_spi.o(i.SPI_I2S_ITConfig), (36 bytes).
    Removing stm32f10x_spi.o(i.SPI_NSSInternalSoftwareConfig), (30 bytes).
    Removing stm32f10x_spi.o(i.SPI_SSOutputCmd), (24 bytes).
    Removing stm32f10x_spi.o(i.SPI_StructInit), (24 bytes).
    Removing stm32f10x_spi.o(i.SPI_TransmitCRC), (10 bytes).
    Removing core_cm3.o(.emb_text), (32 bytes).
    Removing psock.o(i.buf_bufdata), (150 bytes).
    Removing psock.o(i.psock_readbuf), (172 bytes).
    Removing timer.o(i.timer_restart), (12 bytes).
    Removing uip.o(i.uip_chksum), (24 bytes).
    Removing uip.o(i.uip_connect), (288 bytes).
    Removing uip.o(i.uip_setipid), (12 bytes).
    Removing uip.o(i.uip_udpchksum), (10 bytes).
    Removing uip.o(i.uip_unlisten), (64 bytes).
    Removing uip_arp.o(i.uip_arp_init), (56 bytes).
    Removing uip-fw.o(i.find_netif), (48 bytes).
    Removing uip-fw.o(i.fwcache_register), (116 bytes).
    Removing uip-fw.o(i.ipaddr_maskcmp), (46 bytes).
    Removing uip-fw.o(i.time_exceeded), (172 bytes).
    Removing uip-fw.o(i.uip_fw_default), (12 bytes).
    Removing uip-fw.o(i.uip_fw_forward), (244 bytes).
    Removing uip-fw.o(i.uip_fw_init), (44 bytes).
    Removing uip-fw.o(i.uip_fw_output), (40 bytes).
    Removing uip-fw.o(i.uip_fw_periodic), (32 bytes).
    Removing uip-fw.o(i.uip_fw_register), (16 bytes).
    Removing uip-fw.o(.bss), (28 bytes).
    Removing uip-fw.o(.data), (8 bytes).
    Removing uiplib.o(i.uiplib_ipaddrconv), (92 bytes).
    Removing uip-neighbor.o(i.find_entry), (68 bytes).
    Removing uip-neighbor.o(i.uip_neighbor_add), (208 bytes).
    Removing uip-neighbor.o(i.uip_neighbor_init), (32 bytes).
    Removing uip-neighbor.o(i.uip_neighbor_lookup), (22 bytes).
    Removing uip-neighbor.o(i.uip_neighbor_periodic), (56 bytes).
    Removing uip-neighbor.o(i.uip_neighbor_update), (20 bytes).
    Removing uip-neighbor.o(.bss), (96 bytes).
    Removing uip-neighbor.o(.constdata), (65 bytes).
    Removing uip-split.o(i.uip_split_output), (272 bytes).
    Removing httpd.o(i.httpd_init), (12 bytes).
    Removing httpd-fs.o(i.httpd_fs_init), (28 bytes).
    Removing enc28j60.o(i.enc28j60getrev), (10 bytes).
    Removing ip_arp_udp_tcp.o(i.checksum), (80 bytes).
    Removing ip_arp_udp_tcp.o(i.eth_type_is_arp_and_my_ip), (68 bytes).
    Removing ip_arp_udp_tcp.o(i.eth_type_is_ip_and_my_ip), (76 bytes).
    Removing ip_arp_udp_tcp.o(i.fill_ip_hdr_checksum), (44 bytes).
    Removing ip_arp_udp_tcp.o(i.fill_tcp_data), (28 bytes).
    Removing ip_arp_udp_tcp.o(i.fill_tcp_data_p), (26 bytes).
    Removing ip_arp_udp_tcp.o(i.get_tcp_data_pointer), (24 bytes).
    Removing ip_arp_udp_tcp.o(i.init_len_info), (60 bytes).
    Removing ip_arp_udp_tcp.o(i.make_arp_answer_from_request), (100 bytes).
    Removing ip_arp_udp_tcp.o(i.make_echo_reply_from_request), (62 bytes).
    Removing ip_arp_udp_tcp.o(i.make_eth), (32 bytes).
    Removing ip_arp_udp_tcp.o(i.make_ip), (48 bytes).
    Removing ip_arp_udp_tcp.o(i.make_tcp_ack_from_any), (104 bytes).
    Removing ip_arp_udp_tcp.o(i.make_tcp_ack_with_data), (76 bytes).
    Removing ip_arp_udp_tcp.o(i.make_tcp_synack_from_syn), (76 bytes).
    Removing ip_arp_udp_tcp.o(i.make_tcphead), (172 bytes).
    Removing ip_arp_udp_tcp.o(i.make_udp_reply_from_request), (130 bytes).
    Removing simple_server.o(i.analyse_get_url), (82 bytes).
    Removing simple_server.o(i.print_webpage), (476 bytes).
    Removing simple_server.o(i.simple_server), (660 bytes).
    Removing simple_server.o(i.verify_password), (28 bytes).
    Removing simple_server.o(.bss), (1501 bytes).
    Removing simple_server.o(.constdata), (972 bytes).
    Removing simple_server.o(.data), (47 bytes).
    Removing emc28j60_uip.o(i.etherdev_poll), (4 bytes).
    Removing emc28j60_uip.o(i.etherdev_read), (18 bytes).
    Removing emc28j60_uip.o(i.etherdev_send), (16 bytes).
    Removing dadd.o(.text), (414 bytes).
    Removing dmul.o(.text), (232 bytes).
    Removing ddiv.o(.text), (248 bytes).
    Removing dfixul.o(.text), (50 bytes).
    Removing cdrcmple.o(.text), (76 bytes).
    Removing depilogue.o(.text), (200 bytes).

190 unused section(s) (total 15015 bytes) removed from the image.

==============================================================================

Image Symbol Table

    Local Symbols

    Symbol Name                              Value     Ov Type        Size  Object(Section)

    ../../microlib/division.c                0x00000000   Number         0  uldiv.o ABSOLUTE
    ../../microlib/division.c                0x00000000   Number         0  uidiv.o ABSOLUTE
    ../../microlib/fpadd.c                   0x00000000   Number         0  dadd.o ABSOLUTE
    ../../microlib/fpdiv.c                   0x00000000   Number         0  ddiv.o ABSOLUTE
    ../../microlib/fpepilogue.c              0x00000000   Number         0  depilogue.o ABSOLUTE
    ../../microlib/fpfix.c                   0x00000000   Number         0  dfixul.o ABSOLUTE
    ../../microlib/fpmul.c                   0x00000000   Number         0  dmul.o ABSOLUTE
    ../../microlib/init/entry.s              0x00000000   Number         0  entry.o ABSOLUTE
    ../../microlib/init/entry.s              0x00000000   Number         0  entry2.o ABSOLUTE
    ../../microlib/init/entry.s              0x00000000   Number         0  entry5.o ABSOLUTE
    ../../microlib/init/entry.s              0x00000000   Number         0  entry7.o ABSOLUTE
    ../../microlib/longlong.c                0x00000000   Number         0  llshl.o ABSOLUTE
    ../../microlib/longlong.c                0x00000000   Number         0  llushr.o ABSOLUTE
    ../../microlib/printf/printf.c           0x00000000   Number         0  printf7.o ABSOLUTE
    ../../microlib/printf/printf.c           0x00000000   Number         0  printf8.o ABSOLUTE
    ../../microlib/printf/printf.c           0x00000000   Number         0  printfa.o ABSOLUTE
    ../../microlib/printf/printf.c           0x00000000   Number         0  printf6.o ABSOLUTE
    ../../microlib/printf/printf.c           0x00000000   Number         0  printfb.o ABSOLUTE
    ../../microlib/printf/printf.c           0x00000000   Number         0  printf0.o ABSOLUTE
    ../../microlib/printf/printf.c           0x00000000   Number         0  printf1.o ABSOLUTE
    ../../microlib/printf/printf.c           0x00000000   Number         0  printf2.o ABSOLUTE
    ../../microlib/printf/printf.c           0x00000000   Number         0  printf3.o ABSOLUTE
    ../../microlib/printf/printf.c           0x00000000   Number         0  printf4.o ABSOLUTE
    ../../microlib/printf/printf.c           0x00000000   Number         0  printf5.o ABSOLUTE
    ../../microlib/printf/stubs.s            0x00000000   Number         0  stubs.o ABSOLUTE
    ../../microlib/stdio/streams.c           0x00000000   Number         0  stdout.o ABSOLUTE
    ../../microlib/string/memcmp.c           0x00000000   Number         0  memcmp.o ABSOLUTE
    ../../microlib/string/memcpy.c           0x00000000   Number         0  memcpya.o ABSOLUTE
    ../../microlib/string/memcpy.c           0x00000000   Number         0  memcpyb.o ABSOLUTE
    ../../microlib/string/memset.c           0x00000000   Number         0  memseta.o ABSOLUTE
    ../../microlib/string/strchr.c           0x00000000   Number         0  strchr.o ABSOLUTE
    ../../microlib/string/strcpy.c           0x00000000   Number         0  strcpy.o ABSOLUTE
    ../../microlib/string/strlen.c           0x00000000   Number         0  strlen.o ABSOLUTE
    ../../microlib/string/strncmp.c          0x00000000   Number         0  strncmp.o ABSOLUTE
    ../../microlib/string/strncpy.c          0x00000000   Number         0  strncpy.o ABSOLUTE
    ../../microlib/string/strrchr.c          0x00000000   Number         0  strrchr.o ABSOLUTE
    ../../microlib/stubs.s                   0x00000000   Number         0  iusefp.o ABSOLUTE
    ..\..\Libraries\CMSIS\Core\CM3\core_cm3.c 0x00000000   Number         0  core_cm3.o ABSOLUTE
    ..\..\Libraries\CMSIS\Core\CM3\startup\arm\startup_stm32f10x_hd.s 0x00000000   Number         0  startup_stm32f10x_hd.o ABSOLUTE
    ..\..\Libraries\CMSIS\Core\CM3\system_stm32f10x.c 0x00000000   Number         0  system_stm32f10x.o ABSOLUTE
    ..\..\Libraries\STM32F10x_StdPeriph_Driver\src\misc.c 0x00000000   Number         0  misc.o ABSOLUTE
    ..\..\Libraries\STM32F10x_StdPeriph_Driver\src\stm32f10x_fsmc.c 0x00000000   Number         0  stm32f10x_fsmc.o ABSOLUTE
    ..\..\Libraries\STM32F10x_StdPeriph_Driver\src\stm32f10x_gpio.c 0x00000000   Number         0  stm32f10x_gpio.o ABSOLUTE
    ..\..\Libraries\STM32F10x_StdPeriph_Driver\src\stm32f10x_rcc.c 0x00000000   Number         0  stm32f10x_rcc.o ABSOLUTE
    ..\..\Libraries\STM32F10x_StdPeriph_Driver\src\stm32f10x_spi.c 0x00000000   Number         0  stm32f10x_spi.o ABSOLUTE
    ..\..\Libraries\STM32F10x_StdPeriph_Driver\src\stm32f10x_usart.c 0x00000000   Number         0  stm32f10x_usart.o ABSOLUTE
    ..\..\Libraries\uIP-1.0\apps\webserver\http-strings.c 0x00000000   Number         0  http-strings.o ABSOLUTE
    ..\..\Libraries\uIP-1.0\apps\webserver\httpd-cgi.c 0x00000000   Number         0  httpd-cgi.o ABSOLUTE
    ..\..\Libraries\uIP-1.0\apps\webserver\httpd-fs.c 0x00000000   Number         0  httpd-fs.o ABSOLUTE
    ..\..\Libraries\uIP-1.0\apps\webserver\httpd.c 0x00000000   Number         0  httpd.o ABSOLUTE
    ..\..\Libraries\uIP-1.0\uip\psock.c      0x00000000   Number         0  psock.o ABSOLUTE
    ..\..\Libraries\uIP-1.0\uip\timer.c      0x00000000   Number         0  timer.o ABSOLUTE
    ..\..\Libraries\uIP-1.0\uip\uip-fw.c     0x00000000   Number         0  uip-fw.o ABSOLUTE
    ..\..\Libraries\uIP-1.0\uip\uip-neighbor.c 0x00000000   Number         0  uip-neighbor.o ABSOLUTE
    ..\..\Libraries\uIP-1.0\uip\uip-split.c  0x00000000   Number         0  uip-split.o ABSOLUTE
    ..\..\Libraries\uIP-1.0\uip\uip.c        0x00000000   Number         0  uip.o ABSOLUTE
    ..\..\Libraries\uIP-1.0\uip\uip_arp.c    0x00000000   Number         0  uip_arp.o ABSOLUTE
    ..\..\Libraries\uIP-1.0\uip\uiplib.c     0x00000000   Number         0  uiplib.o ABSOLUTE
    ..\..\Source\src\main.c                  0x00000000   Number         0  main.o ABSOLUTE
    ..\..\Source\src\stm32f10x_it.c          0x00000000   Number         0  stm32f10x_it.o ABSOLUTE
    ..\..\Source\src\systick.c               0x00000000   Number         0  systick.o ABSOLUTE
    ..\..\Source\src\tcp_demo.c              0x00000000   Number         0  tcp_demo.o ABSOLUTE
    ..\..\Source\src\uIP_enc28j60\ENC28J60.C 0x00000000   Number         0  enc28j60.o ABSOLUTE
    ..\..\Source\src\uIP_enc28j60\SPI.C      0x00000000   Number         0  spi.o ABSOLUTE
    ..\..\Source\src\uIP_enc28j60\clock-arch.c 0x00000000   Number         0  clock-arch.o ABSOLUTE
    ..\..\Source\src\uIP_enc28j60\emc28j60_uip.c 0x00000000   Number         0  emc28j60_uip.o ABSOLUTE
    ..\..\Source\src\uIP_enc28j60\ip_arp_udp_tcp.c 0x00000000   Number         0  ip_arp_udp_tcp.o ABSOLUTE
    ..\..\Source\src\uIP_enc28j60\simple_server.c 0x00000000   Number         0  simple_server.o ABSOLUTE
    ..\..\Source\src\uIP_enc28j60\tapdev.c   0x00000000   Number         0  tapdev.o ABSOLUTE
    ..\..\Source\src\usart_printf.c          0x00000000   Number         0  usart_printf.o ABSOLUTE
    ..\..\Source\src\web_server.c            0x00000000   Number         0  web_server.o ABSOLUTE
    ..\\..\\Libraries\\CMSIS\\Core\\CM3\\core_cm3.c 0x00000000   Number         0  core_cm3.o ABSOLUTE
    cdrcmple.s                               0x00000000   Number         0  cdrcmple.o ABSOLUTE
    dc.s                                     0x00000000   Number         0  dc.o ABSOLUTE
    handlers.s                               0x00000000   Number         0  handlers.o ABSOLUTE
    init.s                                   0x00000000   Number         0  init.o ABSOLUTE
    RESET                                    0x08000000   Section      304  startup_stm32f10x_hd.o(RESET)
    .ARM.Collect$$$$00000000                 0x08000130   Section        0  entry.o(.ARM.Collect$$$$00000000)
    .ARM.Collect$$$$00000001                 0x08000130   Section        4  entry2.o(.ARM.Collect$$$$00000001)
    .ARM.Collect$$$$00000004                 0x08000134   Section        4  entry5.o(.ARM.Collect$$$$00000004)
    .ARM.Collect$$$$00000007                 0x08000138   Section        8  entry7.o(.ARM.Collect$$$$00000007)
    .ARM.Collect$$$$00002712                 0x08000140   Section        4  entry2.o(.ARM.Collect$$$$00002712)
    __lit__00000000                          0x08000140   Data           4  entry2.o(.ARM.Collect$$$$00002712)
    .text                                    0x08000144   Section       48  startup_stm32f10x_hd.o(.text)
    .text                                    0x08000174   Section       36  memcpya.o(.text)
    .text                                    0x08000198   Section       38  memseta.o(.text)
    .text                                    0x080001be   Section       24  strncpy.o(.text)
    .text                                    0x080001d6   Section       18  strchr.o(.text)
    .text                                    0x080001e8   Section       16  strlen.o(.text)
    .text                                    0x080001f8   Section       26  memcmp.o(.text)
    .text                                    0x08000212   Section       18  strcpy.o(.text)
    .text                                    0x08000224   Section       30  strncmp.o(.text)
    .text                                    0x08000242   Section       32  strrchr.o(.text)
    .text                                    0x08000262   Section       90  uldiv.o(.text)
    .text                                    0x080002bc   Section       36  init.o(.text)
    .text                                    0x080002e0   Section       32  llshl.o(.text)
    .text                                    0x08000300   Section       30  llushr.o(.text)
    i.BusFault_Handler                       0x0800031e   Section        4  stm32f10x_it.o(i.BusFault_Handler)
    i.DebugMon_Handler                       0x08000322   Section        2  stm32f10x_it.o(i.DebugMon_Handler)
    i.Delay                                  0x08000324   Section       10  main.o(i.Delay)
    i.DispLogo                               0x08000330   Section       40  main.o(i.DispLogo)
    DispLogo                                 0x08000331   Thumb Code    12  main.o(i.DispLogo)
    i.GPIO_Configuration                     0x08000358   Section      160  main.o(i.GPIO_Configuration)
    i.GPIO_Init                              0x080003f8   Section      268  stm32f10x_gpio.o(i.GPIO_Init)
    i.GPIO_ResetBits                         0x08000504   Section        4  stm32f10x_gpio.o(i.GPIO_ResetBits)
    i.GPIO_SetBits                           0x08000508   Section        4  stm32f10x_gpio.o(i.GPIO_SetBits)
    i.GetRunTime                             0x0800050c   Section       32  systick.o(i.GetRunTime)
    i.HardFault_Handler                      0x0800052c   Section        4  stm32f10x_it.o(i.HardFault_Handler)
    i.InitNet                                0x08000530   Section      272  main.o(i.InitNet)
    i.Init_fd                                0x08000640   Section      108  main.o(i.Init_fd)
    Init_fd                                  0x08000641   Thumb Code    94  main.o(i.Init_fd)
    i.MemManage_Handler                      0x080006ac   Section        4  stm32f10x_it.o(i.MemManage_Handler)
    i.NMI_Handler                            0x080006b0   Section        2  stm32f10x_it.o(i.NMI_Handler)
    i.PendSV_Handler                         0x080006b2   Section        2  stm32f10x_it.o(i.PendSV_Handler)
    i.PrintfLogo                             0x080006b4   Section      308  usart_printf.o(i.PrintfLogo)
    i.RCC_APB2PeriphClockCmd                 0x080007e8   Section       32  stm32f10x_rcc.o(i.RCC_APB2PeriphClockCmd)
    i.RCC_GetClocksFreq                      0x08000808   Section      212  stm32f10x_rcc.o(i.RCC_GetClocksFreq)
    i.SPI1_Init                              0x080008dc   Section      156  spi.o(i.SPI1_Init)
    i.SPI1_ReadWrite                         0x08000978   Section       56  spi.o(i.SPI1_ReadWrite)
    i.SPI_Cmd                                0x080009b0   Section       24  stm32f10x_spi.o(i.SPI_Cmd)
    i.SPI_I2S_GetFlagStatus                  0x080009c8   Section       18  stm32f10x_spi.o(i.SPI_I2S_GetFlagStatus)
    i.SPI_I2S_ReceiveData                    0x080009da   Section        6  stm32f10x_spi.o(i.SPI_I2S_ReceiveData)
    i.SPI_I2S_SendData                       0x080009e0   Section        4  stm32f10x_spi.o(i.SPI_I2S_SendData)
    i.SPI_Init                               0x080009e4   Section       60  stm32f10x_spi.o(i.SPI_Init)
    i.SVC_Handler                            0x08000a20   Section        2  stm32f10x_it.o(i.SVC_Handler)
    i.SetSysClock                            0x08000a22   Section        8  system_stm32f10x.o(i.SetSysClock)
    SetSysClock                              0x08000a23   Thumb Code     8  system_stm32f10x.o(i.SetSysClock)
    i.SetSysClockTo72                        0x08000a2c   Section      208  system_stm32f10x.o(i.SetSysClockTo72)
    SetSysClockTo72                          0x08000a2d   Thumb Code   198  system_stm32f10x.o(i.SetSysClockTo72)
    i.SoftTimerDec                           0x08000afc   Section       22  systick.o(i.SoftTimerDec)
    SoftTimerDec                             0x08000afd   Thumb Code    22  systick.o(i.SoftTimerDec)
    i.SysTick_Handler                        0x08000b12   Section        8  stm32f10x_it.o(i.SysTick_Handler)
    i.SysTick_ISR                            0x08000b1c   Section       84  systick.o(i.SysTick_ISR)
    i.SystemInit                             0x08000b70   Section       84  system_stm32f10x.o(i.SystemInit)
    i.TCP_Cmd                                0x08000bc4   Section      424  tcp_demo.o(i.TCP_Cmd)
    i.USART_ClearFlag                        0x08000d6c   Section       18  stm32f10x_usart.o(i.USART_ClearFlag)
    i.USART_Cmd                              0x08000d7e   Section       24  stm32f10x_usart.o(i.USART_Cmd)
    i.USART_Configuration                    0x08000d98   Section      144  usart_printf.o(i.USART_Configuration)
    i.USART_GetFlagStatus                    0x08000e28   Section       26  stm32f10x_usart.o(i.USART_GetFlagStatus)
    i.USART_Init                             0x08000e44   Section      160  stm32f10x_usart.o(i.USART_Init)
    i.USART_SendData                         0x08000ee4   Section        8  stm32f10x_usart.o(i.USART_SendData)
    i.UipPro                                 0x08000eec   Section      240  main.o(i.UipPro)
    i.UsageFault_Handler                     0x08000fdc   Section        4  stm32f10x_it.o(i.UsageFault_Handler)
    i.__0printf$8                            0x08000fe0   Section       32  printf8.o(i.__0printf$8)
    i.__0snprintf$8                          0x08001000   Section       40  printf8.o(i.__0snprintf$8)
    i.__scatterload_copy                     0x08001028   Section       14  handlers.o(i.__scatterload_copy)
    i.__scatterload_null                     0x08001036   Section        2  handlers.o(i.__scatterload_null)
    i.__scatterload_zeroinit                 0x08001038   Section       14  handlers.o(i.__scatterload_zeroinit)
    i._printf_core                           0x08001048   Section     1102  printf8.o(i._printf_core)
    _printf_core                             0x08001049   Thumb Code  1102  printf8.o(i._printf_core)
    i._printf_post_padding                   0x08001496   Section       36  printf8.o(i._printf_post_padding)
    _printf_post_padding                     0x08001497   Thumb Code    36  printf8.o(i._printf_post_padding)
    i._printf_pre_padding                    0x080014ba   Section       44  printf8.o(i._printf_pre_padding)
    _printf_pre_padding                      0x080014bb   Thumb Code    44  printf8.o(i._printf_pre_padding)
    i._snputc                                0x080014e6   Section       22  printf8.o(i._snputc)
    _snputc                                  0x080014e7   Thumb Code    22  printf8.o(i._snputc)
    i.aborted                                0x080014fc   Section        2  tcp_demo.o(i.aborted)
    aborted                                  0x080014fd   Thumb Code     2  tcp_demo.o(i.aborted)
    i.acked                                  0x08001500   Section       84  tcp_demo.o(i.acked)
    acked                                    0x08001501   Thumb Code    58  tcp_demo.o(i.acked)
    i.buf_bufto                              0x08001554   Section      102  psock.o(i.buf_bufto)
    buf_bufto                                0x08001555   Thumb Code   102  psock.o(i.buf_bufto)
    i.buf_setup                              0x080015ba   Section        6  psock.o(i.buf_setup)
    buf_setup                                0x080015bb   Thumb Code     6  psock.o(i.buf_setup)
    i.chksum                                 0x080015c0   Section       66  uip.o(i.chksum)
    chksum                                   0x080015c1   Thumb Code    66  uip.o(i.chksum)
    i.clock_time                             0x08001602   Section        8  clock-arch.o(i.clock_time)
    i.closed                                 0x0800160a   Section        2  tcp_demo.o(i.closed)
    closed                                   0x0800160b   Thumb Code     2  tcp_demo.o(i.closed)
    i.connected                              0x0800160c   Section       84  tcp_demo.o(i.connected)
    connected                                0x0800160d   Thumb Code    42  tcp_demo.o(i.connected)
    i.data_acked                             0x08001660   Section       92  psock.o(i.data_acked)
    data_acked                               0x08001661   Thumb Code    82  psock.o(i.data_acked)
    i.enc28j60Init                           0x080016bc   Section      524  enc28j60.o(i.enc28j60Init)
    i.enc28j60PacketReceive                  0x080018c8   Section      196  enc28j60.o(i.enc28j60PacketReceive)
    i.enc28j60PacketSend                     0x0800198c   Section      102  enc28j60.o(i.enc28j60PacketSend)
    i.enc28j60PhyWrite                       0x080019f2   Section       48  enc28j60.o(i.enc28j60PhyWrite)
    i.enc28j60Read                           0x08001a22   Section       20  enc28j60.o(i.enc28j60Read)
    i.enc28j60ReadBuffer                     0x08001a38   Section       56  enc28j60.o(i.enc28j60ReadBuffer)
    i.enc28j60ReadOp                         0x08001a70   Section       68  enc28j60.o(i.enc28j60ReadOp)
    i.enc28j60SetBank                        0x08001ab4   Section       52  enc28j60.o(i.enc28j60SetBank)
    i.enc28j60Write                          0x08001ae8   Section       24  enc28j60.o(i.enc28j60Write)
    i.enc28j60WriteBuffer                    0x08001b00   Section       48  enc28j60.o(i.enc28j60WriteBuffer)
    i.enc28j60WriteOp                        0x08001b30   Section       60  enc28j60.o(i.enc28j60WriteOp)
    i.enc28j60clkout                         0x08001b6c   Section       16  enc28j60.o(i.enc28j60clkout)
    i.etherdev_init                          0x08001b7c   Section       72  emc28j60_uip.o(i.etherdev_init)
    i.file_stats                             0x08001bc4   Section       80  httpd-cgi.o(i.file_stats)
    file_stats                               0x08001bc5   Thumb Code    74  httpd-cgi.o(i.file_stats)
    i.fputc                                  0x08001c14   Section       36  usart_printf.o(i.fputc)
    i.generate_file_stats                    0x08001c38   Section       44  httpd-cgi.o(i.generate_file_stats)
    generate_file_stats                      0x08001c39   Thumb Code    34  httpd-cgi.o(i.generate_file_stats)
    i.generate_net_stats                     0x08001c64   Section       52  httpd-cgi.o(i.generate_net_stats)
    generate_net_stats                       0x08001c65   Thumb Code    36  httpd-cgi.o(i.generate_net_stats)
    i.generate_part_of_file                  0x08001c98   Section       72  httpd.o(i.generate_part_of_file)
    generate_part_of_file                    0x08001c99   Thumb Code    64  httpd.o(i.generate_part_of_file)
    i.generate_tcp_stats                     0x08001ce0   Section      184  httpd-cgi.o(i.generate_tcp_stats)
    generate_tcp_stats                       0x08001ce1   Thumb Code   166  httpd-cgi.o(i.generate_tcp_stats)
    i.handle_connection                      0x08001d98   Section       26  httpd.o(i.handle_connection)
    handle_connection                        0x08001d99   Thumb Code    26  httpd.o(i.handle_connection)
    i.handle_input                           0x08001db4   Section      276  httpd.o(i.handle_input)
    handle_input                             0x08001db5   Thumb Code   258  httpd.o(i.handle_input)
    i.handle_output                          0x08001ec8   Section      272  httpd.o(i.handle_output)
    handle_output                            0x08001ec9   Thumb Code   250  httpd.o(i.handle_output)
    i.handle_script                          0x08001fd8   Section      384  httpd.o(i.handle_script)
    handle_script                            0x08001fd9   Thumb Code   380  httpd.o(i.handle_script)
    i.htons                                  0x08002158   Section       12  uip.o(i.htons)
    i.httpd_appcall                          0x08002164   Section      156  httpd.o(i.httpd_appcall)
    i.httpd_cgi                              0x08002200   Section       60  httpd-cgi.o(i.httpd_cgi)
    i.httpd_fs_count                         0x0800223c   Section       52  httpd-fs.o(i.httpd_fs_count)
    i.httpd_fs_open                          0x08002270   Section       76  httpd-fs.o(i.httpd_fs_open)
    i.httpd_fs_strcmp                        0x080022bc   Section       46  httpd-fs.o(i.httpd_fs_strcmp)
    httpd_fs_strcmp                          0x080022bd   Thumb Code    46  httpd-fs.o(i.httpd_fs_strcmp)
    i.init_ip_arp_udp_tcp                    0x080022ec   Section       52  ip_arp_udp_tcp.o(i.init_ip_arp_udp_tcp)
    i.main                                   0x08002320   Section       42  main.o(i.main)
    i.net_stats                              0x0800234c   Section       92  httpd-cgi.o(i.net_stats)
    net_stats                                0x0800234d   Thumb Code    86  httpd-cgi.o(i.net_stats)
    i.newdata                                0x080023a8   Section      156  tcp_demo.o(i.newdata)
    newdata                                  0x080023a9   Thumb Code   114  tcp_demo.o(i.newdata)
    i.next_scriptstate                       0x08002444   Section       34  httpd.o(i.next_scriptstate)
    next_scriptstate                         0x08002445   Thumb Code    34  httpd.o(i.next_scriptstate)
    i.nullfunction                           0x08002466   Section       24  httpd-cgi.o(i.nullfunction)
    nullfunction                             0x08002467   Thumb Code    24  httpd-cgi.o(i.nullfunction)
    i.psock_datalen                          0x0800247e   Section       12  psock.o(i.psock_datalen)
    i.psock_generator_send                   0x0800248c   Section      140  psock.o(i.psock_generator_send)
    i.psock_init                             0x08002518   Section       40  psock.o(i.psock_init)
    i.psock_newdata                          0x08002540   Section       52  psock.o(i.psock_newdata)
    i.psock_readto                           0x08002574   Section      148  psock.o(i.psock_readto)
    i.psock_send                             0x08002608   Section      108  psock.o(i.psock_send)
    i.send_data                              0x08002674   Section       80  psock.o(i.send_data)
    send_data                                0x08002675   Thumb Code    70  psock.o(i.send_data)
    i.send_file                              0x080026c4   Section      100  httpd.o(i.send_file)
    send_file                                0x080026c5   Thumb Code    94  httpd.o(i.send_file)
    i.send_headers                           0x08002728   Section      508  httpd.o(i.send_headers)
    send_headers                             0x08002729   Thumb Code   456  httpd.o(i.send_headers)
    i.send_part_of_file                      0x08002924   Section       62  httpd.o(i.send_part_of_file)
    send_part_of_file                        0x08002925   Thumb Code    62  httpd.o(i.send_part_of_file)
    i.senddata                               0x08002964   Section       32  tcp_demo.o(i.senddata)
    senddata                                 0x08002965   Thumb Code    26  tcp_demo.o(i.senddata)
    i.tapdev_init                            0x08002984   Section        8  tapdev.o(i.tapdev_init)
    i.tapdev_read                            0x0800298c   Section       20  tapdev.o(i.tapdev_read)
    i.tapdev_send                            0x080029a0   Section       24  tapdev.o(i.tapdev_send)
    i.tcp_demo_appcall                       0x080029b8   Section      240  tcp_demo.o(i.tcp_demo_appcall)
    i.tcp_server_appcall                     0x08002aa8   Section       44  emc28j60_uip.o(i.tcp_server_appcall)
    i.tcp_stats                              0x08002ad4   Section      116  httpd-cgi.o(i.tcp_stats)
    tcp_stats                                0x08002ad5   Thumb Code   108  httpd-cgi.o(i.tcp_stats)
    i.timedout                               0x08002b48   Section        2  tcp_demo.o(i.timedout)
    timedout                                 0x08002b49   Thumb Code     2  tcp_demo.o(i.timedout)
    i.timer_expired                          0x08002b4a   Section       26  timer.o(i.timer_expired)
    i.timer_reset                            0x08002b64   Section       10  timer.o(i.timer_reset)
    i.timer_set                              0x08002b6e   Section       16  timer.o(i.timer_set)
    i.uip_add32                              0x08002b80   Section      112  uip.o(i.uip_add32)
    i.uip_add_rcv_nxt                        0x08002bf0   Section       68  uip.o(i.uip_add_rcv_nxt)
    uip_add_rcv_nxt                          0x08002bf1   Thumb Code    58  uip.o(i.uip_add_rcv_nxt)
    i.uip_arp_arpin                          0x08002c34   Section      236  uip_arp.o(i.uip_arp_arpin)
    i.uip_arp_out                            0x08002d20   Section      416  uip_arp.o(i.uip_arp_out)
    i.uip_arp_timer                          0x08002ec0   Section       96  uip_arp.o(i.uip_arp_timer)
    i.uip_arp_update                         0x08002f20   Section      304  uip_arp.o(i.uip_arp_update)
    uip_arp_update                           0x08002f21   Thumb Code   296  uip_arp.o(i.uip_arp_update)
    i.uip_init                               0x08003050   Section      108  uip.o(i.uip_init)
    i.uip_ipchksum                           0x080030bc   Section       36  uip.o(i.uip_ipchksum)
    i.uip_listen                             0x080030e0   Section       60  uip.o(i.uip_listen)
    i.uip_log                                0x0800311c   Section       40  tcp_demo.o(i.uip_log)
    i.uip_process                            0x08003144   Section     4048  uip.o(i.uip_process)
    i.uip_send                               0x08004114   Section       48  uip.o(i.uip_send)
    i.uip_tcpchksum                          0x08004144   Section       10  uip.o(i.uip_tcpchksum)
    i.upper_layer_chksum                     0x08004150   Section       72  uip.o(i.upper_layer_chksum)
    upper_layer_chksum                       0x08004151   Thumb Code    68  uip.o(i.upper_layer_chksum)
    .constdata                               0x08004198   Section       20  system_stm32f10x.o(.constdata)
    .constdata                               0x080041ac   Section        8  uip.o(.constdata)
    all_ones_addr                            0x080041ac   Data           4  uip.o(.constdata)
    all_zeroes_addr                          0x080041b0   Data           4  uip.o(.constdata)
    .constdata                               0x080041b4   Section       10  uip_arp.o(.constdata)
    broadcast_ethaddr                        0x080041b4   Data           6  uip_arp.o(.constdata)
    broadcast_ipaddr                         0x080041ba   Data           4  uip_arp.o(.constdata)
    .constdata                               0x080041c0   Section      205  httpd-cgi.o(.constdata)
    file                                     0x080041c0   Data           8  httpd-cgi.o(.constdata)
    tcp                                      0x080041c8   Data           8  httpd-cgi.o(.constdata)
    net                                      0x080041d0   Data           8  httpd-cgi.o(.constdata)
    closed                                   0x080041d8   Data           7  httpd-cgi.o(.constdata)
    syn_rcvd                                 0x080041df   Data           9  httpd-cgi.o(.constdata)
    syn_sent                                 0x080041e8   Data           9  httpd-cgi.o(.constdata)
    established                              0x080041f1   Data          12  httpd-cgi.o(.constdata)
    fin_wait_1                               0x080041fd   Data          11  httpd-cgi.o(.constdata)
    fin_wait_2                               0x08004208   Data          11  httpd-cgi.o(.constdata)
    closing                                  0x08004213   Data           8  httpd-cgi.o(.constdata)
    time_wait                                0x0800421b   Data          10  httpd-cgi.o(.constdata)
    last_ack                                 0x08004225   Data           9  httpd-cgi.o(.constdata)
    .constdata                               0x08004290   Section     5716  httpd-fs.o(.constdata)
    data_processes_shtml                     0x08004290   Data         226  httpd-fs.o(.constdata)
    data_404_html                            0x08004372   Data         171  httpd-fs.o(.constdata)
    data_files_shtml                         0x0800441d   Data        1267  httpd-fs.o(.constdata)
    data_footer_html                         0x08004910   Data          31  httpd-fs.o(.constdata)
    data_header_html                         0x0800492f   Data         642  httpd-fs.o(.constdata)
    data_index_html                          0x08004bb1   Data         886  httpd-fs.o(.constdata)
    data_style_css                           0x08004f27   Data        1026  httpd-fs.o(.constdata)
    data_tcp_shtml                           0x08005329   Data         222  httpd-fs.o(.constdata)
    data_fade_png                            0x08005407   Data         207  httpd-fs.o(.constdata)
    data_stats_shtml                         0x080054d6   Data         835  httpd-fs.o(.constdata)
    .constdata                               0x080058e4   Section      586  http-strings.o(.constdata)
    .conststring                             0x08005b2e   Section       37  httpd-cgi.o(.conststring)
    .data                                    0x20000000   Section       17  main.o(.data)
    periodic_timer                           0x20000000   Data           8  main.o(.data)
    arp_timer                                0x20000008   Data           8  main.o(.data)
    timer_ok                                 0x20000010   Data           1  main.o(.data)
    .data                                    0x20000014   Section        5  systick.o(.data)
    s_count                                  0x20000018   Data           1  systick.o(.data)
    .data                                    0x20000019   Section       20  stm32f10x_rcc.o(.data)
    APBAHBPrescTable                         0x20000019   Data          16  stm32f10x_rcc.o(.data)
    ADCPrescTable                            0x20000029   Data           4  stm32f10x_rcc.o(.data)
    .data                                    0x20000030   Section       56  uip.o(.data)
    ipid                                     0x20000058   Data           2  uip.o(.data)
    iss                                      0x2000005a   Data           4  uip.o(.data)
    lastport                                 0x2000005e   Data           2  uip.o(.data)
    c                                        0x20000064   Data           1  uip.o(.data)
    opt                                      0x20000065   Data           1  uip.o(.data)
    tmp16                                    0x20000066   Data           2  uip.o(.data)
    .data                                    0x20000068   Section        8  uip_arp.o(.data)
    ipaddr                                   0x20000068   Data           4  uip_arp.o(.data)
    i                                        0x2000006c   Data           1  uip_arp.o(.data)
    c                                        0x2000006d   Data           1  uip_arp.o(.data)
    arptime                                  0x2000006e   Data           1  uip_arp.o(.data)
    tmpage                                   0x2000006f   Data           1  uip_arp.o(.data)
    .data                                    0x20000070   Section       52  httpd-cgi.o(.data)
    calls                                    0x20000070   Data          16  httpd-cgi.o(.data)
    states                                   0x20000080   Data          36  httpd-cgi.o(.data)
    .data                                    0x200000a4   Section        8  enc28j60.o(.data)
    Enc28j60Bank                             0x200000a4   Data           1  enc28j60.o(.data)
    NextPacketPtr                            0x200000a8   Data           4  enc28j60.o(.data)
    .data                                    0x200000ac   Section       23  ip_arp_udp_tcp.o(.data)
    wwwport                                  0x200000ac   Data           1  ip_arp_udp_tcp.o(.data)
    info_hdr_len                             0x200000b0   Data           4  ip_arp_udp_tcp.o(.data)
    info_data_len                            0x200000b4   Data           4  ip_arp_udp_tcp.o(.data)
    seqnum                                   0x200000b8   Data           1  ip_arp_udp_tcp.o(.data)
    macaddr                                  0x200000b9   Data           6  ip_arp_udp_tcp.o(.data)
    ipaddr                                   0x200000bf   Data           4  ip_arp_udp_tcp.o(.data)
    .data                                    0x200000c4   Section        4  tcp_demo.o(.data)
    sLen                                     0x200000c4   Data           4  tcp_demo.o(.data)
    .data                                    0x200000c8   Section       40  emc28j60_uip.o(.data)
    mymac                                    0x200000c8   Data           6  emc28j60_uip.o(.data)
    myip                                     0x200000ce   Data           4  emc28j60_uip.o(.data)
    baseurl                                  0x200000d2   Data          21  emc28j60_uip.o(.data)
    mywwwport                                0x200000e8   Data           4  emc28j60_uip.o(.data)
    myudpport                                0x200000ec   Data           4  emc28j60_uip.o(.data)
    .data                                    0x200000f0   Section        4  stdout.o(.data)
    .bss                                     0x200000f4   Section       32  systick.o(.bss)
    .bss                                     0x20000114   Section     5824  uip.o(.bss)
    .bss                                     0x200017d4   Section       96  uip_arp.o(.bss)
    arp_table                                0x200017d4   Data          96  uip_arp.o(.bss)
    .bss                                     0x20001834   Section       20  httpd-fs.o(.bss)
    count                                    0x20001834   Data          20  httpd-fs.o(.bss)
    .bss                                     0x20001848   Section     2048  tcp_demo.o(.bss)
    test_data                                0x20001848   Data        2048  tcp_demo.o(.bss)
    STACK                                    0x20002048   Section     1024  startup_stm32f10x_hd.o(STACK)

    Global Symbols

    Symbol Name                              Value     Ov Type        Size  Object(Section)

    BuildAttributes$$THM_ISAv4$P$D$K$B$S$PE$A:L22UL41UL21$X:L11$S22US41US21$IEEE1$IW$USESV6$~STKCKD$USESV7$~SHL$OSPACE$ROPI$EBA8$MICROLIB$REQ8$PRES8$EABIv2 0x00000000   Number         0  anon$$obj.o ABSOLUTE
    __ARM_use_no_argv                        0x00000000   Number         0  main.o ABSOLUTE
    _printf_a                                0x00000000   Number         0  stubs.o ABSOLUTE
    _printf_c                                0x00000000   Number         0  stubs.o ABSOLUTE
    _printf_charcount                        0x00000000   Number         0  stubs.o ABSOLUTE
    _printf_d                                0x00000000   Number         0  stubs.o ABSOLUTE
    _printf_e                                0x00000000   Number         0  stubs.o ABSOLUTE
    _printf_f                                0x00000000   Number         0  stubs.o ABSOLUTE
    _printf_flags                            0x00000000   Number         0  stubs.o ABSOLUTE
    _printf_fp_dec                           0x00000000   Number         0  stubs.o ABSOLUTE
    _printf_fp_hex                           0x00000000   Number         0  stubs.o ABSOLUTE
    _printf_g                                0x00000000   Number         0  stubs.o ABSOLUTE
    _printf_i                                0x00000000   Number         0  stubs.o ABSOLUTE
    _printf_int_dec                          0x00000000   Number         0  stubs.o ABSOLUTE
    _printf_l                                0x00000000   Number         0  stubs.o ABSOLUTE
    _printf_lc                               0x00000000   Number         0  stubs.o ABSOLUTE
    _printf_ll                               0x00000000   Number         0  stubs.o ABSOLUTE
    _printf_lld                              0x00000000   Number         0  stubs.o ABSOLUTE
    _printf_lli                              0x00000000   Number         0  stubs.o ABSOLUTE
    _printf_llo                              0x00000000   Number         0  stubs.o ABSOLUTE
    _printf_llu                              0x00000000   Number         0  stubs.o ABSOLUTE
    _printf_llx                              0x00000000   Number         0  stubs.o ABSOLUTE
    _printf_longlong_dec                     0x00000000   Number         0  stubs.o ABSOLUTE
    _printf_longlong_hex                     0x00000000   Number         0  stubs.o ABSOLUTE
    _printf_longlong_oct                     0x00000000   Number         0  stubs.o ABSOLUTE
    _printf_ls                               0x00000000   Number         0  stubs.o ABSOLUTE
    _printf_mbtowc                           0x00000000   Number         0  stubs.o ABSOLUTE
    _printf_n                                0x00000000   Number         0  stubs.o ABSOLUTE
    _printf_o                                0x00000000   Number         0  stubs.o ABSOLUTE
    _printf_p                                0x00000000   Number         0  stubs.o ABSOLUTE
    _printf_percent                          0x00000000   Number         0  stubs.o ABSOLUTE
    _printf_pre_padding                      0x00000000   Number         0  stubs.o ABSOLUTE
    _printf_return_value                     0x00000000   Number         0  stubs.o ABSOLUTE
    _printf_s                                0x00000000   Number         0  stubs.o ABSOLUTE
    _printf_sizespec                         0x00000000   Number         0  stubs.o ABSOLUTE
    _printf_str                              0x00000000   Number         0  stubs.o ABSOLUTE
    _printf_truncate_signed                  0x00000000   Number         0  stubs.o ABSOLUTE
    _printf_truncate_unsigned                0x00000000   Number         0  stubs.o ABSOLUTE
    _printf_u                                0x00000000   Number         0  stubs.o ABSOLUTE
    _printf_wc                               0x00000000   Number         0  stubs.o ABSOLUTE
    _printf_wctomb                           0x00000000   Number         0  stubs.o ABSOLUTE
    _printf_widthprec                        0x00000000   Number         0  stubs.o ABSOLUTE
    _printf_x                                0x00000000   Number         0  stubs.o ABSOLUTE
    __decompress                              - Undefined Weak Reference
    __Vectors_Size                           0x00000130   Number         0  startup_stm32f10x_hd.o ABSOLUTE
    __Vectors                                0x08000000   Data           4  startup_stm32f10x_hd.o(RESET)
    __Vectors_End                            0x08000130   Data           0  startup_stm32f10x_hd.o(RESET)
    __main                                   0x08000131   Thumb Code     0  entry.o(.ARM.Collect$$$$00000000)
    _main_stk                                0x08000131   Thumb Code     0  entry2.o(.ARM.Collect$$$$00000001)
    _main_scatterload                        0x08000135   Thumb Code     0  entry5.o(.ARM.Collect$$$$00000004)
    __main_after_scatterload                 0x08000139   Thumb Code     0  entry5.o(.ARM.Collect$$$$00000004)
    _main_init                               0x08000139   Thumb Code     0  entry7.o(.ARM.Collect$$$$00000007)
    SystemInit_ExtMemCtl                     0x08000145   Thumb Code     2  startup_stm32f10x_hd.o(.text)
    Reset_Handler                            0x08000147   Thumb Code    14  startup_stm32f10x_hd.o(.text)
    ADC1_2_IRQHandler                        0x08000167   Thumb Code     0  startup_stm32f10x_hd.o(.text)
    ADC3_IRQHandler                          0x08000167   Thumb Code     0  startup_stm32f10x_hd.o(.text)
    CAN1_RX1_IRQHandler                      0x08000167   Thumb Code     0  startup_stm32f10x_hd.o(.text)
    CAN1_SCE_IRQHandler                      0x08000167   Thumb Code     0  startup_stm32f10x_hd.o(.text)
    DMA1_Channel1_IRQHandler                 0x08000167   Thumb Code     0  startup_stm32f10x_hd.o(.text)
    DMA1_Channel2_IRQHandler                 0x08000167   Thumb Code     0  startup_stm32f10x_hd.o(.text)
    DMA1_Channel3_IRQHandler                 0x08000167   Thumb Code     0  startup_stm32f10x_hd.o(.text)
    DMA1_Channel4_IRQHandler                 0x08000167   Thumb Code     0  startup_stm32f10x_hd.o(.text)
    DMA1_Channel5_IRQHandler                 0x08000167   Thumb Code     0  startup_stm32f10x_hd.o(.text)
    DMA1_Channel6_IRQHandler                 0x08000167   Thumb Code     0  startup_stm32f10x_hd.o(.text)
    DMA1_Channel7_IRQHandler                 0x08000167   Thumb Code     0  startup_stm32f10x_hd.o(.text)
    DMA2_Channel1_IRQHandler                 0x08000167   Thumb Code     0  startup_stm32f10x_hd.o(.text)
    DMA2_Channel2_IRQHandler                 0x08000167   Thumb Code     0  startup_stm32f10x_hd.o(.text)
    DMA2_Channel3_IRQHandler                 0x08000167   Thumb Code     0  startup_stm32f10x_hd.o(.text)
    DMA2_Channel4_5_IRQHandler               0x08000167   Thumb Code     0  startup_stm32f10x_hd.o(.text)
    EXTI0_IRQHandler                         0x08000167   Thumb Code     0  startup_stm32f10x_hd.o(.text)
    EXTI15_10_IRQHandler                     0x08000167   Thumb Code     0  startup_stm32f10x_hd.o(.text)
    EXTI1_IRQHandler                         0x08000167   Thumb Code     0  startup_stm32f10x_hd.o(.text)
    EXTI2_IRQHandler                         0x08000167   Thumb Code     0  startup_stm32f10x_hd.o(.text)
    EXTI3_IRQHandler                         0x08000167   Thumb Code     0  startup_stm32f10x_hd.o(.text)
    EXTI4_IRQHandler                         0x08000167   Thumb Code     0  startup_stm32f10x_hd.o(.text)
    EXTI9_5_IRQHandler                       0x08000167   Thumb Code     0  startup_stm32f10x_hd.o(.text)
    FLASH_IRQHandler                         0x08000167   Thumb Code     0  startup_stm32f10x_hd.o(.text)
    FSMC_IRQHandler                          0x08000167   Thumb Code     0  startup_stm32f10x_hd.o(.text)
    I2C1_ER_IRQHandler                       0x08000167   Thumb Code     0  startup_stm32f10x_hd.o(.text)
    I2C1_EV_IRQHandler                       0x08000167   Thumb Code     0  startup_stm32f10x_hd.o(.text)
    I2C2_ER_IRQHandler                       0x08000167   Thumb Code     0  startup_stm32f10x_hd.o(.text)
    I2C2_EV_IRQHandler                       0x08000167   Thumb Code     0  startup_stm32f10x_hd.o(.text)
    PVD_IRQHandler                           0x08000167   Thumb Code     0  startup_stm32f10x_hd.o(.text)
    RCC_IRQHandler                           0x08000167   Thumb Code     0  startup_stm32f10x_hd.o(.text)
    RTCAlarm_IRQHandler                      0x08000167   Thumb Code     0  startup_stm32f10x_hd.o(.text)
    RTC_IRQHandler                           0x08000167   Thumb Code     0  startup_stm32f10x_hd.o(.text)
    SDIO_IRQHandler                          0x08000167   Thumb Code     0  startup_stm32f10x_hd.o(.text)
    SPI1_IRQHandler                          0x08000167   Thumb Code     0  startup_stm32f10x_hd.o(.text)
    SPI2_IRQHandler                          0x08000167   Thumb Code     0  startup_stm32f10x_hd.o(.text)
    SPI3_IRQHandler                          0x08000167   Thumb Code     0  startup_stm32f10x_hd.o(.text)
    TAMPER_IRQHandler                        0x08000167   Thumb Code     0  startup_stm32f10x_hd.o(.text)
    TIM1_BRK_IRQHandler                      0x08000167   Thumb Code     0  startup_stm32f10x_hd.o(.text)
    TIM1_CC_IRQHandler                       0x08000167   Thumb Code     0  startup_stm32f10x_hd.o(.text)
    TIM1_TRG_COM_IRQHandler                  0x08000167   Thumb Code     0  startup_stm32f10x_hd.o(.text)
    TIM1_UP_IRQHandler                       0x08000167   Thumb Code     0  startup_stm32f10x_hd.o(.text)
    TIM2_IRQHandler                          0x08000167   Thumb Code     0  startup_stm32f10x_hd.o(.text)
    TIM3_IRQHandler                          0x08000167   Thumb Code     0  startup_stm32f10x_hd.o(.text)
    TIM4_IRQHandler                          0x08000167   Thumb Code     0  startup_stm32f10x_hd.o(.text)
    TIM5_IRQHandler                          0x08000167   Thumb Code     0  startup_stm32f10x_hd.o(.text)
    TIM6_IRQHandler                          0x08000167   Thumb Code     0  startup_stm32f10x_hd.o(.text)
    TIM7_IRQHandler                          0x08000167   Thumb Code     0  startup_stm32f10x_hd.o(.text)
    TIM8_BRK_IRQHandler                      0x08000167   Thumb Code     0  startup_stm32f10x_hd.o(.text)
    TIM8_CC_IRQHandler                       0x08000167   Thumb Code     0  startup_stm32f10x_hd.o(.text)
    TIM8_TRG_COM_IRQHandler                  0x08000167   Thumb Code     0  startup_stm32f10x_hd.o(.text)
    TIM8_UP_IRQHandler                       0x08000167   Thumb Code     0  startup_stm32f10x_hd.o(.text)
    UART4_IRQHandler                         0x08000167   Thumb Code     0  startup_stm32f10x_hd.o(.text)
    UART5_IRQHandler                         0x08000167   Thumb Code     0  startup_stm32f10x_hd.o(.text)
    USART1_IRQHandler                        0x08000167   Thumb Code     0  startup_stm32f10x_hd.o(.text)
    USART2_IRQHandler                        0x08000167   Thumb Code     0  startup_stm32f10x_hd.o(.text)
    USART3_IRQHandler                        0x08000167   Thumb Code     0  startup_stm32f10x_hd.o(.text)
    USBWakeUp_IRQHandler                     0x08000167   Thumb Code     0  startup_stm32f10x_hd.o(.text)
    USB_HP_CAN1_TX_IRQHandler                0x08000167   Thumb Code     0  startup_stm32f10x_hd.o(.text)
    USB_LP_CAN1_RX0_IRQHandler               0x08000167   Thumb Code     0  startup_stm32f10x_hd.o(.text)
    WWDG_IRQHandler                          0x08000167   Thumb Code     0  startup_stm32f10x_hd.o(.text)
    __aeabi_memcpy                           0x08000175   Thumb Code    36  memcpya.o(.text)
    __aeabi_memcpy4                          0x08000175   Thumb Code     0  memcpya.o(.text)
    __aeabi_memcpy8                          0x08000175   Thumb Code     0  memcpya.o(.text)
    __aeabi_memset                           0x08000199   Thumb Code    14  memseta.o(.text)
    __aeabi_memset4                          0x08000199   Thumb Code     0  memseta.o(.text)
    __aeabi_memset8                          0x08000199   Thumb Code     0  memseta.o(.text)
    __aeabi_memclr                           0x080001a7   Thumb Code     4  memseta.o(.text)
    __aeabi_memclr4                          0x080001a7   Thumb Code     0  memseta.o(.text)
    __aeabi_memclr8                          0x080001a7   Thumb Code     0  memseta.o(.text)
    _memset$wrapper                          0x080001ab   Thumb Code    20  memseta.o(.text)
    strncpy                                  0x080001bf   Thumb Code    24  strncpy.o(.text)
    strchr                                   0x080001d7   Thumb Code    18  strchr.o(.text)
    strlen                                   0x080001e9   Thumb Code    16  strlen.o(.text)
    memcmp                                   0x080001f9   Thumb Code    26  memcmp.o(.text)
    strcpy                                   0x08000213   Thumb Code    18  strcpy.o(.text)
    strncmp                                  0x08000225   Thumb Code    30  strncmp.o(.text)
    strrchr                                  0x08000243   Thumb Code    32  strrchr.o(.text)
    __aeabi_uldivmod                         0x08000263   Thumb Code    90  uldiv.o(.text)
    __scatterload                            0x080002bd   Thumb Code    28  init.o(.text)
    __scatterload_rt2                        0x080002bd   Thumb Code     0  init.o(.text)
    __aeabi_llsl                             0x080002e1   Thumb Code    32  llshl.o(.text)
    _ll_shift_l                              0x080002e1   Thumb Code     0  llshl.o(.text)
    __aeabi_llsr                             0x08000301   Thumb Code    30  llushr.o(.text)
    _ll_ushift_r                             0x08000301   Thumb Code     0  llushr.o(.text)
    BusFault_Handler                         0x0800031f   Thumb Code     4  stm32f10x_it.o(i.BusFault_Handler)
    DebugMon_Handler                         0x08000323   Thumb Code     2  stm32f10x_it.o(i.DebugMon_Handler)
    Delay                                    0x08000325   Thumb Code    10  main.o(i.Delay)
    GPIO_Configuration                       0x08000359   Thumb Code   142  main.o(i.GPIO_Configuration)
    GPIO_Init                                0x080003f9   Thumb Code   268  stm32f10x_gpio.o(i.GPIO_Init)
    GPIO_ResetBits                           0x08000505   Thumb Code     4  stm32f10x_gpio.o(i.GPIO_ResetBits)
    GPIO_SetBits                             0x08000509   Thumb Code     4  stm32f10x_gpio.o(i.GPIO_SetBits)
    GetRunTime                               0x0800050d   Thumb Code    26  systick.o(i.GetRunTime)
    HardFault_Handler                        0x0800052d   Thumb Code     4  stm32f10x_it.o(i.HardFault_Handler)
    InitNet                                  0x08000531   Thumb Code   148  main.o(i.InitNet)
    MemManage_Handler                        0x080006ad   Thumb Code     4  stm32f10x_it.o(i.MemManage_Handler)
    NMI_Handler                              0x080006b1   Thumb Code     2  stm32f10x_it.o(i.NMI_Handler)
    PendSV_Handler                           0x080006b3   Thumb Code     2  stm32f10x_it.o(i.PendSV_Handler)
    PrintfLogo                               0x080006b5   Thumb Code    66  usart_printf.o(i.PrintfLogo)
    RCC_APB2PeriphClockCmd                   0x080007e9   Thumb Code    26  stm32f10x_rcc.o(i.RCC_APB2PeriphClockCmd)
    RCC_GetClocksFreq                        0x08000809   Thumb Code   194  stm32f10x_rcc.o(i.RCC_GetClocksFreq)
    SPI1_Init                                0x080008dd   Thumb Code   146  spi.o(i.SPI1_Init)
    SPI1_ReadWrite                           0x08000979   Thumb Code    50  spi.o(i.SPI1_ReadWrite)
    SPI_Cmd                                  0x080009b1   Thumb Code    24  stm32f10x_spi.o(i.SPI_Cmd)
    SPI_I2S_GetFlagStatus                    0x080009c9   Thumb Code    18  stm32f10x_spi.o(i.SPI_I2S_GetFlagStatus)
    SPI_I2S_ReceiveData                      0x080009db   Thumb Code     6  stm32f10x_spi.o(i.SPI_I2S_ReceiveData)
    SPI_I2S_SendData                         0x080009e1   Thumb Code     4  stm32f10x_spi.o(i.SPI_I2S_SendData)
    SPI_Init                                 0x080009e5   Thumb Code    60  stm32f10x_spi.o(i.SPI_Init)
    SVC_Handler                              0x08000a21   Thumb Code     2  stm32f10x_it.o(i.SVC_Handler)
    SysTick_Handler                          0x08000b13   Thumb Code     8  stm32f10x_it.o(i.SysTick_Handler)
    SysTick_ISR                              0x08000b1d   Thumb Code    70  systick.o(i.SysTick_ISR)
    SystemInit                               0x08000b71   Thumb Code    70  system_stm32f10x.o(i.SystemInit)
    TCP_Cmd                                  0x08000bc5   Thumb Code   276  tcp_demo.o(i.TCP_Cmd)
    USART_ClearFlag                          0x08000d6d   Thumb Code    18  stm32f10x_usart.o(i.USART_ClearFlag)
    USART_Cmd                                0x08000d7f   Thumb Code    24  stm32f10x_usart.o(i.USART_Cmd)
    USART_Configuration                      0x08000d99   Thumb Code   136  usart_printf.o(i.USART_Configuration)
    USART_GetFlagStatus                      0x08000e29   Thumb Code    26  stm32f10x_usart.o(i.USART_GetFlagStatus)
    USART_Init                               0x08000e45   Thumb Code   156  stm32f10x_usart.o(i.USART_Init)
    USART_SendData                           0x08000ee5   Thumb Code     8  stm32f10x_usart.o(i.USART_SendData)
    UipPro                                   0x08000eed   Thumb Code   220  main.o(i.UipPro)
    UsageFault_Handler                       0x08000fdd   Thumb Code     4  stm32f10x_it.o(i.UsageFault_Handler)
    __0printf$8                              0x08000fe1   Thumb Code    22  printf8.o(i.__0printf$8)
    __1printf$8                              0x08000fe1   Thumb Code     0  printf8.o(i.__0printf$8)
    __2printf                                0x08000fe1   Thumb Code     0  printf8.o(i.__0printf$8)
    __0snprintf$8                            0x08001001   Thumb Code    36  printf8.o(i.__0snprintf$8)
    __1snprintf$8                            0x08001001   Thumb Code     0  printf8.o(i.__0snprintf$8)
    __2snprintf                              0x08001001   Thumb Code     0  printf8.o(i.__0snprintf$8)
    __scatterload_copy                       0x08001029   Thumb Code    14  handlers.o(i.__scatterload_copy)
    __scatterload_null                       0x08001037   Thumb Code     2  handlers.o(i.__scatterload_null)
    __scatterload_zeroinit                   0x08001039   Thumb Code    14  handlers.o(i.__scatterload_zeroinit)
    clock_time                               0x08001603   Thumb Code     8  clock-arch.o(i.clock_time)
    enc28j60Init                             0x080016bd   Thumb Code   418  enc28j60.o(i.enc28j60Init)
    enc28j60PacketReceive                    0x080018c9   Thumb Code   192  enc28j60.o(i.enc28j60PacketReceive)
    enc28j60PacketSend                       0x0800198d   Thumb Code   102  enc28j60.o(i.enc28j60PacketSend)
    enc28j60PhyWrite                         0x080019f3   Thumb Code    48  enc28j60.o(i.enc28j60PhyWrite)
    enc28j60Read                             0x08001a23   Thumb Code    20  enc28j60.o(i.enc28j60Read)
    enc28j60ReadBuffer                       0x08001a39   Thumb Code    50  enc28j60.o(i.enc28j60ReadBuffer)
    enc28j60ReadOp                           0x08001a71   Thumb Code    62  enc28j60.o(i.enc28j60ReadOp)
    enc28j60SetBank                          0x08001ab5   Thumb Code    48  enc28j60.o(i.enc28j60SetBank)
    enc28j60Write                            0x08001ae9   Thumb Code    24  enc28j60.o(i.enc28j60Write)
    enc28j60WriteBuffer                      0x08001b01   Thumb Code    44  enc28j60.o(i.enc28j60WriteBuffer)
    enc28j60WriteOp                          0x08001b31   Thumb Code    52  enc28j60.o(i.enc28j60WriteOp)
    enc28j60clkout                           0x08001b6d   Thumb Code    16  enc28j60.o(i.enc28j60clkout)
    etherdev_init                            0x08001b7d   Thumb Code    62  emc28j60_uip.o(i.etherdev_init)
    fputc                                    0x08001c15   Thumb Code    32  usart_printf.o(i.fputc)
    htons                                    0x08002159   Thumb Code    12  uip.o(i.htons)
    httpd_appcall                            0x08002165   Thumb Code   148  httpd.o(i.httpd_appcall)
    httpd_cgi                                0x08002201   Thumb Code    50  httpd-cgi.o(i.httpd_cgi)
    httpd_fs_count                           0x0800223d   Thumb Code    42  httpd-fs.o(i.httpd_fs_count)
    httpd_fs_open                            0x08002271   Thumb Code    66  httpd-fs.o(i.httpd_fs_open)
    init_ip_arp_udp_tcp                      0x080022ed   Thumb Code    48  ip_arp_udp_tcp.o(i.init_ip_arp_udp_tcp)
    main                                     0x08002321   Thumb Code    42  main.o(i.main)
    psock_datalen                            0x0800247f   Thumb Code    12  psock.o(i.psock_datalen)
    psock_generator_send                     0x0800248d   Thumb Code   130  psock.o(i.psock_generator_send)
    psock_init                               0x08002519   Thumb Code    40  psock.o(i.psock_init)
    psock_newdata                            0x08002541   Thumb Code    48  psock.o(i.psock_newdata)
    psock_readto                             0x08002575   Thumb Code   140  psock.o(i.psock_readto)
    psock_send                               0x08002609   Thumb Code   108  psock.o(i.psock_send)
    tapdev_init                              0x08002985   Thumb Code     8  tapdev.o(i.tapdev_init)
    tapdev_read                              0x0800298d   Thumb Code    16  tapdev.o(i.tapdev_read)
    tapdev_send                              0x080029a1   Thumb Code    14  tapdev.o(i.tapdev_send)
    tcp_demo_appcall                         0x080029b9   Thumb Code   166  tcp_demo.o(i.tcp_demo_appcall)
    tcp_server_appcall                       0x08002aa9   Thumb Code    40  emc28j60_uip.o(i.tcp_server_appcall)
    timer_expired                            0x08002b4b   Thumb Code    26  timer.o(i.timer_expired)
    timer_reset                              0x08002b65   Thumb Code    10  timer.o(i.timer_reset)
    timer_set                                0x08002b6f   Thumb Code    16  timer.o(i.timer_set)
    uip_add32                                0x08002b81   Thumb Code   106  uip.o(i.uip_add32)
    uip_arp_arpin                            0x08002c35   Thumb Code   218  uip_arp.o(i.uip_arp_arpin)
    uip_arp_out                              0x08002d21   Thumb Code   376  uip_arp.o(i.uip_arp_out)
    uip_arp_timer                            0x08002ec1   Thumb Code    86  uip_arp.o(i.uip_arp_timer)
    uip_init                                 0x08003051   Thumb Code    94  uip.o(i.uip_init)
    uip_ipchksum                             0x080030bd   Thumb Code    32  uip.o(i.uip_ipchksum)
    uip_listen                               0x080030e1   Thumb Code    52  uip.o(i.uip_listen)
    uip_log                                  0x0800311d   Thumb Code    14  tcp_demo.o(i.uip_log)
    uip_process                              0x08003145   Thumb Code  4022  uip.o(i.uip_process)
    uip_send                                 0x08004115   Thumb Code    38  uip.o(i.uip_send)
    uip_tcpchksum                            0x08004145   Thumb Code    10  uip.o(i.uip_tcpchksum)
    SystemFrequency                          0x08004198   Data           4  system_stm32f10x.o(.constdata)
    SystemFrequency_SysClk                   0x0800419c   Data           4  system_stm32f10x.o(.constdata)
    SystemFrequency_AHBClk                   0x080041a0   Data           4  system_stm32f10x.o(.constdata)
    SystemFrequency_APB1Clk                  0x080041a4   Data           4  system_stm32f10x.o(.constdata)
    SystemFrequency_APB2Clk                  0x080041a8   Data           4  system_stm32f10x.o(.constdata)
    file_processes_shtml                     0x0800581c   Data          20  httpd-fs.o(.constdata)
    file_404_html                            0x08005830   Data          20  httpd-fs.o(.constdata)
    file_files_shtml                         0x08005844   Data          20  httpd-fs.o(.constdata)
    file_footer_html                         0x08005858   Data          20  httpd-fs.o(.constdata)
    file_header_html                         0x0800586c   Data          20  httpd-fs.o(.constdata)
    file_index_html                          0x08005880   Data          20  httpd-fs.o(.constdata)
    file_style_css                           0x08005894   Data          20  httpd-fs.o(.constdata)
    file_tcp_shtml                           0x080058a8   Data          20  httpd-fs.o(.constdata)
    file_fade_png                            0x080058bc   Data          20  httpd-fs.o(.constdata)
    file_stats_shtml                         0x080058d0   Data          20  httpd-fs.o(.constdata)
    http_http                                0x080058e4   Data           8  http-strings.o(.constdata)
    http_200                                 0x080058ec   Data           5  http-strings.o(.constdata)
    http_301                                 0x080058f1   Data           5  http-strings.o(.constdata)
    http_302                                 0x080058f6   Data           5  http-strings.o(.constdata)
    http_get                                 0x080058fb   Data           5  http-strings.o(.constdata)
    http_10                                  0x08005900   Data           9  http-strings.o(.constdata)
    http_11                                  0x08005909   Data           9  http-strings.o(.constdata)
    http_content_type                        0x08005912   Data          15  http-strings.o(.constdata)
    http_texthtml                            0x08005921   Data          10  http-strings.o(.constdata)
    http_location                            0x0800592b   Data          11  http-strings.o(.constdata)
    http_host                                0x08005936   Data           7  http-strings.o(.constdata)
    http_crnl                                0x0800593d   Data           3  http-strings.o(.constdata)
    http_index_html                          0x08005940   Data          12  http-strings.o(.constdata)
    http_404_html                            0x0800594c   Data          10  http-strings.o(.constdata)
    http_referer                             0x08005956   Data           9  http-strings.o(.constdata)
    http_header_200                          0x0800595f   Data          84  http-strings.o(.constdata)
    http_header_404                          0x080059b3   Data          91  http-strings.o(.constdata)
    http_content_type_plain                  0x08005a0e   Data          29  http-strings.o(.constdata)
    http_content_type_html                   0x08005a2b   Data          28  http-strings.o(.constdata)
    http_content_type_css                    0x08005a47   Data          27  http-strings.o(.constdata)
    http_content_type_text                   0x08005a62   Data          28  http-strings.o(.constdata)
    http_content_type_png                    0x08005a7e   Data          28  http-strings.o(.constdata)
    http_content_type_gif                    0x08005a9a   Data          28  http-strings.o(.constdata)
    http_content_type_jpg                    0x08005ab6   Data          29  http-strings.o(.constdata)
    http_content_type_binary                 0x08005ad3   Data          43  http-strings.o(.constdata)
    http_html                                0x08005afe   Data           6  http-strings.o(.constdata)
    http_shtml                               0x08005b04   Data           7  http-strings.o(.constdata)
    http_htm                                 0x08005b0b   Data           5  http-strings.o(.constdata)
    http_css                                 0x08005b10   Data           5  http-strings.o(.constdata)
    http_png                                 0x08005b15   Data           5  http-strings.o(.constdata)
    http_gif                                 0x08005b1a   Data           5  http-strings.o(.constdata)
    http_jpg                                 0x08005b1f   Data           5  http-strings.o(.constdata)
    http_text                                0x08005b24   Data           5  http-strings.o(.constdata)
    http_txt                                 0x08005b29   Data           5  http-strings.o(.constdata)
    Region$$Table$$Base                      0x08005b54   Number         0  anon$$obj.o(Region$$Table)
    Region$$Table$$Limit                     0x08005b74   Number         0  anon$$obj.o(Region$$Table)
    g_RunTime                                0x20000014   Data           4  systick.o(.data)
    uip_ethaddr                              0x20000030   Data           6  uip.o(.data)
    uip_hostaddr                             0x20000036   Data           4  uip.o(.data)
    uip_draddr                               0x2000003a   Data           4  uip.o(.data)
    uip_netmask                              0x2000003e   Data           4  uip.o(.data)
    uip_appdata                              0x20000044   Data           4  uip.o(.data)
    uip_sappdata                             0x20000048   Data           4  uip.o(.data)
    uip_len                                  0x2000004c   Data           2  uip.o(.data)
    uip_slen                                 0x2000004e   Data           2  uip.o(.data)
    uip_flags                                0x20000050   Data           1  uip.o(.data)
    uip_conn                                 0x20000054   Data           4  uip.o(.data)
    uip_acc32                                0x20000060   Data           4  uip.o(.data)
    __stdout                                 0x200000f0   Data           4  stdout.o(.data)
    g_Tmr                                    0x200000f4   Data          32  systick.o(.bss)
    uip_buf                                  0x20000114   Data        4098  uip.o(.bss)
    uip_conns                                0x20001118   Data        1600  uip.o(.bss)
    uip_listenports                          0x20001758   Data          80  uip.o(.bss)
    uip_stat                                 0x200017a8   Data          44  uip.o(.bss)
    __initial_sp                             0x20002448   Data           0  startup_stm32f10x_hd.o(STACK)



==============================================================================

Memory Map of the image

  Image Entry point : 0x08000131

  Load Region LR_IROM1 (Base: 0x08000000, Size: 0x00005c68, Max: 0x00080000, ABSOLUTE)

    Execution Region ER_IROM1 (Base: 0x08000000, Size: 0x00005b74, Max: 0x00080000, ABSOLUTE)

    Base Addr    Size         Type   Attr      Idx    E Section Name        Object

    0x08000000   0x00000130   Data   RO          409    RESET               startup_stm32f10x_hd.o
    0x08000130   0x00000000   Code   RO         2207  * .ARM.Collect$$$$00000000  entry.o(mc_w.l)
    0x08000130   0x00000004   Code   RO         2491    .ARM.Collect$$$$00000001  entry2.o(mc_w.l)
    0x08000134   0x00000004   Code   RO         2494    .ARM.Collect$$$$00000004  entry5.o(mc_w.l)
    0x08000138   0x00000008   Code   RO         2495    .ARM.Collect$$$$00000007  entry7.o(mc_w.l)
    0x08000140   0x00000004   Code   RO         2492    .ARM.Collect$$$$00002712  entry2.o(mc_w.l)
    0x08000144   0x00000030   Code   RO          410    .text               startup_stm32f10x_hd.o
    0x08000174   0x00000024   Code   RO         2210    .text               memcpya.o(mc_w.l)
    0x08000198   0x00000026   Code   RO         2212    .text               memseta.o(mc_w.l)
    0x080001be   0x00000018   Code   RO         2214    .text               strncpy.o(mc_w.l)
    0x080001d6   0x00000012   Code   RO         2216    .text               strchr.o(mc_w.l)
    0x080001e8   0x00000010   Code   RO         2218    .text               strlen.o(mc_w.l)
    0x080001f8   0x0000001a   Code   RO         2220    .text               memcmp.o(mc_w.l)
    0x08000212   0x00000012   Code   RO         2222    .text               strcpy.o(mc_w.l)
    0x08000224   0x0000001e   Code   RO         2224    .text               strncmp.o(mc_w.l)
    0x08000242   0x00000020   Code   RO         2226    .text               strrchr.o(mc_w.l)
    0x08000262   0x0000005a   Code   RO         2499    .text               uldiv.o(mc_w.l)
    0x080002bc   0x00000024   Code   RO         2512    .text               init.o(mc_w.l)
    0x080002e0   0x00000020   Code   RO         2514    .text               llshl.o(mc_w.l)
    0x08000300   0x0000001e   Code   RO         2516    .text               llushr.o(mc_w.l)
    0x0800031e   0x00000004   Code   RO          188    i.BusFault_Handler  stm32f10x_it.o
    0x08000322   0x00000002   Code   RO          189    i.DebugMon_Handler  stm32f10x_it.o
    0x08000324   0x0000000a   Code   RO            1    i.Delay             main.o
    0x0800032e   0x00000002   PAD
    0x08000330   0x00000028   Code   RO            2    i.DispLogo          main.o
    0x08000358   0x000000a0   Code   RO            3    i.GPIO_Configuration  main.o
    0x080003f8   0x0000010c   Code   RO          825    i.GPIO_Init         stm32f10x_gpio.o
    0x08000504   0x00000004   Code   RO          832    i.GPIO_ResetBits    stm32f10x_gpio.o
    0x08000508   0x00000004   Code   RO          833    i.GPIO_SetBits      stm32f10x_gpio.o
    0x0800050c   0x00000020   Code   RO          286    i.GetRunTime        systick.o
    0x0800052c   0x00000004   Code   RO          190    i.HardFault_Handler  stm32f10x_it.o
    0x08000530   0x00000110   Code   RO            4    i.InitNet           main.o
    0x08000640   0x0000006c   Code   RO            5    i.Init_fd           main.o
    0x080006ac   0x00000004   Code   RO          191    i.MemManage_Handler  stm32f10x_it.o
    0x080006b0   0x00000002   Code   RO          192    i.NMI_Handler       stm32f10x_it.o
    0x080006b2   0x00000002   Code   RO          193    i.PendSV_Handler    stm32f10x_it.o
    0x080006b4   0x00000134   Code   RO          254    i.PrintfLogo        usart_printf.o
    0x080007e8   0x00000020   Code   RO          419    i.RCC_APB2PeriphClockCmd  stm32f10x_rcc.o
    0x08000808   0x000000d4   Code   RO          427    i.RCC_GetClocksFreq  stm32f10x_rcc.o
    0x080008dc   0x0000009c   Code   RO          332    i.SPI1_Init         spi.o
    0x08000978   0x00000038   Code   RO          333    i.SPI1_ReadWrite    spi.o
    0x080009b0   0x00000018   Code   RO         1058    i.SPI_Cmd           stm32f10x_spi.o
    0x080009c8   0x00000012   Code   RO         1066    i.SPI_I2S_GetFlagStatus  stm32f10x_spi.o
    0x080009da   0x00000006   Code   RO         1069    i.SPI_I2S_ReceiveData  stm32f10x_spi.o
    0x080009e0   0x00000004   Code   RO         1070    i.SPI_I2S_SendData  stm32f10x_spi.o
    0x080009e4   0x0000003c   Code   RO         1071    i.SPI_Init          stm32f10x_spi.o
    0x08000a20   0x00000002   Code   RO          194    i.SVC_Handler       stm32f10x_it.o
    0x08000a22   0x00000008   Code   RO         1207    i.SetSysClock       system_stm32f10x.o
    0x08000a2a   0x00000002   PAD
    0x08000a2c   0x000000d0   Code   RO         1208    i.SetSysClockTo72   system_stm32f10x.o
    0x08000afc   0x00000016   Code   RO          287    i.SoftTimerDec      systick.o
    0x08000b12   0x00000008   Code   RO          195    i.SysTick_Handler   stm32f10x_it.o
    0x08000b1a   0x00000002   PAD
    0x08000b1c   0x00000054   Code   RO          289    i.SysTick_ISR       systick.o
    0x08000b70   0x00000054   Code   RO         1209    i.SystemInit        system_stm32f10x.o
    0x08000bc4   0x000001a8   Code   RO         2068    i.TCP_Cmd           tcp_demo.o
    0x08000d6c   0x00000012   Code   RO          651    i.USART_ClearFlag   stm32f10x_usart.o
    0x08000d7e   0x00000018   Code   RO          655    i.USART_Cmd         stm32f10x_usart.o
    0x08000d96   0x00000002   PAD
    0x08000d98   0x00000090   Code   RO          255    i.USART_Configuration  usart_printf.o
    0x08000e28   0x0000001a   Code   RO          658    i.USART_GetFlagStatus  stm32f10x_usart.o
    0x08000e42   0x00000002   PAD
    0x08000e44   0x000000a0   Code   RO          662    i.USART_Init        stm32f10x_usart.o
    0x08000ee4   0x00000008   Code   RO          670    i.USART_SendData    stm32f10x_usart.o
    0x08000eec   0x000000f0   Code   RO            6    i.UipPro            main.o
    0x08000fdc   0x00000004   Code   RO          196    i.UsageFault_Handler  stm32f10x_it.o
    0x08000fe0   0x00000020   Code   RO         2437    i.__0printf$8       printf8.o(mc_w.l)
    0x08001000   0x00000028   Code   RO         2438    i.__0snprintf$8     printf8.o(mc_w.l)
    0x08001028   0x0000000e   Code   RO         2522    i.__scatterload_copy  handlers.o(mc_w.l)
    0x08001036   0x00000002   Code   RO         2523    i.__scatterload_null  handlers.o(mc_w.l)
    0x08001038   0x0000000e   Code   RO         2524    i.__scatterload_zeroinit  handlers.o(mc_w.l)
    0x08001046   0x00000002   PAD
    0x08001048   0x0000044e   Code   RO         2444    i._printf_core      printf8.o(mc_w.l)
    0x08001496   0x00000024   Code   RO         2445    i._printf_post_padding  printf8.o(mc_w.l)
    0x080014ba   0x0000002c   Code   RO         2446    i._printf_pre_padding  printf8.o(mc_w.l)
    0x080014e6   0x00000016   Code   RO         2447    i._snputc           printf8.o(mc_w.l)
    0x080014fc   0x00000002   Code   RO         2069    i.aborted           tcp_demo.o
    0x080014fe   0x00000002   PAD
    0x08001500   0x00000054   Code   RO         2070    i.acked             tcp_demo.o
    0x08001554   0x00000066   Code   RO         1236    i.buf_bufto         psock.o
    0x080015ba   0x00000006   Code   RO         1237    i.buf_setup         psock.o
    0x080015c0   0x00000042   Code   RO         1341    i.chksum            uip.o
    0x08001602   0x00000008   Code   RO         2195    i.clock_time        clock-arch.o
    0x0800160a   0x00000002   Code   RO         2071    i.closed            tcp_demo.o
    0x0800160c   0x00000054   Code   RO         2072    i.connected         tcp_demo.o
    0x08001660   0x0000005c   Code   RO         1238    i.data_acked        psock.o
    0x080016bc   0x0000020c   Code   RO         1813    i.enc28j60Init      enc28j60.o
    0x080018c8   0x000000c4   Code   RO         1814    i.enc28j60PacketReceive  enc28j60.o
    0x0800198c   0x00000066   Code   RO         1815    i.enc28j60PacketSend  enc28j60.o
    0x080019f2   0x00000030   Code   RO         1816    i.enc28j60PhyWrite  enc28j60.o
    0x08001a22   0x00000014   Code   RO         1817    i.enc28j60Read      enc28j60.o
    0x08001a36   0x00000002   PAD
    0x08001a38   0x00000038   Code   RO         1818    i.enc28j60ReadBuffer  enc28j60.o
    0x08001a70   0x00000044   Code   RO         1819    i.enc28j60ReadOp    enc28j60.o
    0x08001ab4   0x00000034   Code   RO         1820    i.enc28j60SetBank   enc28j60.o
    0x08001ae8   0x00000018   Code   RO         1821    i.enc28j60Write     enc28j60.o
    0x08001b00   0x00000030   Code   RO         1822    i.enc28j60WriteBuffer  enc28j60.o
    0x08001b30   0x0000003c   Code   RO         1823    i.enc28j60WriteOp   enc28j60.o
    0x08001b6c   0x00000010   Code   RO         1824    i.enc28j60clkout    enc28j60.o
    0x08001b7c   0x00000048   Code   RO         2130    i.etherdev_init     emc28j60_uip.o
    0x08001bc4   0x00000050   Code   RO         1716    i.file_stats        httpd-cgi.o
    0x08001c14   0x00000024   Code   RO          257    i.fputc             usart_printf.o
    0x08001c38   0x0000002c   Code   RO         1717    i.generate_file_stats  httpd-cgi.o
    0x08001c64   0x00000034   Code   RO         1718    i.generate_net_stats  httpd-cgi.o
    0x08001c98   0x00000048   Code   RO         1642    i.generate_part_of_file  httpd.o
    0x08001ce0   0x000000b8   Code   RO         1719    i.generate_tcp_stats  httpd-cgi.o
    0x08001d98   0x0000001a   Code   RO         1643    i.handle_connection  httpd.o
    0x08001db2   0x00000002   PAD
    0x08001db4   0x00000114   Code   RO         1644    i.handle_input      httpd.o
    0x08001ec8   0x00000110   Code   RO         1645    i.handle_output     httpd.o
    0x08001fd8   0x00000180   Code   RO         1646    i.handle_script     httpd.o
    0x08002158   0x0000000c   Code   RO         1342    i.htons             uip.o
    0x08002164   0x0000009c   Code   RO         1647    i.httpd_appcall     httpd.o
    0x08002200   0x0000003c   Code   RO         1720    i.httpd_cgi         httpd-cgi.o
    0x0800223c   0x00000034   Code   RO         1767    i.httpd_fs_count    httpd-fs.o
    0x08002270   0x0000004c   Code   RO         1769    i.httpd_fs_open     httpd-fs.o
    0x080022bc   0x0000002e   Code   RO         1770    i.httpd_fs_strcmp   httpd-fs.o
    0x080022ea   0x00000002   PAD
    0x080022ec   0x00000034   Code   RO         1912    i.init_ip_arp_udp_tcp  ip_arp_udp_tcp.o
    0x08002320   0x0000002a   Code   RO            7    i.main              main.o
    0x0800234a   0x00000002   PAD
    0x0800234c   0x0000005c   Code   RO         1721    i.net_stats         httpd-cgi.o
    0x080023a8   0x0000009c   Code   RO         2073    i.newdata           tcp_demo.o
    0x08002444   0x00000022   Code   RO         1649    i.next_scriptstate  httpd.o
    0x08002466   0x00000018   Code   RO         1722    i.nullfunction      httpd-cgi.o
    0x0800247e   0x0000000c   Code   RO         1239    i.psock_datalen     psock.o
    0x0800248a   0x00000002   PAD
    0x0800248c   0x0000008c   Code   RO         1240    i.psock_generator_send  psock.o
    0x08002518   0x00000028   Code   RO         1241    i.psock_init        psock.o
    0x08002540   0x00000034   Code   RO         1242    i.psock_newdata     psock.o
    0x08002574   0x00000094   Code   RO         1244    i.psock_readto      psock.o
    0x08002608   0x0000006c   Code   RO         1245    i.psock_send        psock.o
    0x08002674   0x00000050   Code   RO         1246    i.send_data         psock.o
    0x080026c4   0x00000064   Code   RO         1650    i.send_file         httpd.o
    0x08002728   0x000001fc   Code   RO         1651    i.send_headers      httpd.o
    0x08002924   0x0000003e   Code   RO         1652    i.send_part_of_file  httpd.o
    0x08002962   0x00000002   PAD
    0x08002964   0x00000020   Code   RO         2074    i.senddata          tcp_demo.o
    0x08002984   0x00000008   Code   RO         2168    i.tapdev_init       tapdev.o
    0x0800298c   0x00000014   Code   RO         2169    i.tapdev_read       tapdev.o
    0x080029a0   0x00000018   Code   RO         2170    i.tapdev_send       tapdev.o
    0x080029b8   0x000000f0   Code   RO         2075    i.tcp_demo_appcall  tcp_demo.o
    0x08002aa8   0x0000002c   Code   RO         2134    i.tcp_server_appcall  emc28j60_uip.o
    0x08002ad4   0x00000074   Code   RO         1723    i.tcp_stats         httpd-cgi.o
    0x08002b48   0x00000002   Code   RO         2076    i.timedout          tcp_demo.o
    0x08002b4a   0x0000001a   Code   RO         1311    i.timer_expired     timer.o
    0x08002b64   0x0000000a   Code   RO         1312    i.timer_reset       timer.o
    0x08002b6e   0x00000010   Code   RO         1314    i.timer_set         timer.o
    0x08002b7e   0x00000002   PAD
    0x08002b80   0x00000070   Code   RO         1343    i.uip_add32         uip.o
    0x08002bf0   0x00000044   Code   RO         1344    i.uip_add_rcv_nxt   uip.o
    0x08002c34   0x000000ec   Code   RO         1458    i.uip_arp_arpin     uip_arp.o
    0x08002d20   0x000001a0   Code   RO         1460    i.uip_arp_out       uip_arp.o
    0x08002ec0   0x00000060   Code   RO         1461    i.uip_arp_timer     uip_arp.o
    0x08002f20   0x00000130   Code   RO         1462    i.uip_arp_update    uip_arp.o
    0x08003050   0x0000006c   Code   RO         1347    i.uip_init          uip.o
    0x080030bc   0x00000024   Code   RO         1348    i.uip_ipchksum      uip.o
    0x080030e0   0x0000003c   Code   RO         1349    i.uip_listen        uip.o
    0x0800311c   0x00000028   Code   RO         2077    i.uip_log           tcp_demo.o
    0x08003144   0x00000fd0   Code   RO         1350    i.uip_process       uip.o
    0x08004114   0x00000030   Code   RO         1351    i.uip_send          uip.o
    0x08004144   0x0000000a   Code   RO         1353    i.uip_tcpchksum     uip.o
    0x0800414e   0x00000002   PAD
    0x08004150   0x00000048   Code   RO         1356    i.upper_layer_chksum  uip.o
    0x08004198   0x00000014   Data   RO         1210    .constdata          system_stm32f10x.o
    0x080041ac   0x00000008   Data   RO         1358    .constdata          uip.o
    0x080041b4   0x0000000a   Data   RO         1464    .constdata          uip_arp.o
    0x080041be   0x00000002   PAD
    0x080041c0   0x000000cd   Data   RO         1724    .constdata          httpd-cgi.o
    0x0800428d   0x00000003   PAD
    0x08004290   0x00001654   Data   RO         1772    .constdata          httpd-fs.o
    0x080058e4   0x0000024a   Data   RO         1806    .constdata          http-strings.o
    0x08005b2e   0x00000025   Data   RO         1725    .conststring        httpd-cgi.o
    0x08005b53   0x00000001   PAD
    0x08005b54   0x00000020   Data   RO         2520    Region$$Table       anon$$obj.o


    Execution Region RW_IRAM1 (Base: 0x20000000, Size: 0x00002448, Max: 0x00010000, ABSOLUTE)

    Base Addr    Size         Type   Attr      Idx    E Section Name        Object

    0x20000000   0x00000011   Data   RW            8    .data               main.o
    0x20000011   0x00000003   PAD
    0x20000014   0x00000005   Data   RW          291    .data               systick.o
    0x20000019   0x00000014   Data   RW          447    .data               stm32f10x_rcc.o
    0x2000002d   0x00000003   PAD
    0x20000030   0x00000038   Data   RW         1359    .data               uip.o
    0x20000068   0x00000008   Data   RW         1465    .data               uip_arp.o
    0x20000070   0x00000034   Data   RW         1726    .data               httpd-cgi.o
    0x200000a4   0x00000008   Data   RW         1826    .data               enc28j60.o
    0x200000ac   0x00000017   Data   RW         1923    .data               ip_arp_udp_tcp.o
    0x200000c3   0x00000001   PAD
    0x200000c4   0x00000004   Data   RW         2079    .data               tcp_demo.o
    0x200000c8   0x00000028   Data   RW         2135    .data               emc28j60_uip.o
    0x200000f0   0x00000004   Data   RW         2496    .data               stdout.o(mc_w.l)
    0x200000f4   0x00000020   Zero   RW          290    .bss                systick.o
    0x20000114   0x000016c0   Zero   RW         1357    .bss                uip.o
    0x200017d4   0x00000060   Zero   RW         1463    .bss                uip_arp.o
    0x20001834   0x00000014   Zero   RW         1771    .bss                httpd-fs.o
    0x20001848   0x00000800   Zero   RW         2078    .bss                tcp_demo.o
    0x20002048   0x00000400   Zero   RW          407    STACK               startup_stm32f10x_hd.o


==============================================================================

Image component sizes


      Code (inc. data)   RO Data    RW Data    ZI Data      Debug   Object Name

         8          0          0          0          0        513   clock-arch.o
       116         14          0         40          0       2073   emc28j60_uip.o
      1214        138          0          8          0       8099   enc28j60.o
         0          0        586          0          0       2269   http-strings.o
       652         74        242         52          0       6388   httpd-cgi.o
       174         20       5716          0         20       4814   httpd-fs.o
      1890        118          0          0          0       9232   httpd.o
        52          4          0         23          0       1562   ip_arp_udp_tcp.o
       872        204          0         17          0     255849   main.o
       780         42          0          0          0       7284   psock.o
       212         16          0          0          0       8361   spi.o
        48         12        304          0       1024        612   startup_stm32f10x_hd.o
       276          0          0          0          0       3236   stm32f10x_gpio.o
        32          0          0          0          0       4038   stm32f10x_it.o
       244         24          0         20          0       4049   stm32f10x_rcc.o
       112          0          0          0          0       4142   stm32f10x_spi.o
       236          4          0          0          0       4774   stm32f10x_usart.o
       300         24         20          0          0       2573   system_stm32f10x.o
       138         20          0          5         32       7037   systick.o
        52         14          0          0          0       1458   tapdev.o
      1066        364          0          4       2048       5975   tcp_demo.o
        52          0          0          0          0       1986   timer.o
      4640        514          8         56       5824      16684   uip.o
      1052         76         10          8         96       3962   uip_arp.o
       488        254          0          0          0       1831   usart_printf.o

    ----------------------------------------------------------------------
     14734       1936       6924        240       9044     368801   Object Totals
         0          0         32          0          0          0   (incl. Generated)
        28          0          6          7          0          1   (incl. Padding)

    ----------------------------------------------------------------------

      Code (inc. data)   RO Data    RW Data    ZI Data      Debug   Library Member Name

         0          0          0          0          0          0   entry.o
         8          4          0          0          0          0   entry2.o
         4          0          0          0          0          0   entry5.o
         8          4          0          0          0          0   entry7.o
        30          0          0          0          0          0   handlers.o
        36          8          0          0          0         68   init.o
        32          0          0          0          0         68   llshl.o
        30          0          0          0          0         68   llushr.o
        26          0          0          0          0         76   memcmp.o
        36          0          0          0          0         68   memcpya.o
        38          0          0          0          0        108   memseta.o
      1276         60          0          0          0        508   printf8.o
         0          0          0          4          0          0   stdout.o
        18          0          0          0          0         68   strchr.o
        18          0          0          0          0         68   strcpy.o
        16          0          0          0          0         68   strlen.o
        30          0          0          0          0         76   strncmp.o
        24          0          0          0          0         76   strncpy.o
        32          0          0          0          0         68   strrchr.o
        90          0          0          0          0         88   uldiv.o

    ----------------------------------------------------------------------
      1754         76          0          4          0       1476   Library Totals
         2          0          0          0          0          0   (incl. Padding)

    ----------------------------------------------------------------------

      Code (inc. data)   RO Data    RW Data    ZI Data      Debug   Library Name

      1752         76          0          4          0       1476   mc_w.l

    ----------------------------------------------------------------------
      1754         76          0          4          0       1476   Library Totals

    ----------------------------------------------------------------------

==============================================================================


      Code (inc. data)   RO Data    RW Data    ZI Data      Debug   

     16488       2012       6924        244       9044     363628   Grand Totals
     16488       2012       6924        244       9044     363628   ELF Image Totals
     16488       2012       6924        244          0          0   ROM Totals

==============================================================================

    Total RO  Size (Code + RO Data)                23412 (  22.86kB)
    Total RW  Size (RW Data + ZI Data)              9288 (   9.07kB)
    Total ROM Size (Code + RO Data + RW Data)      23656 (  23.10kB)

==============================================================================

