<html>
<body>
<pre>
<h1>µVision3 Build Log</h1>
<h2>Project:</h2>
C:\RJ45-RFID\Project\RVMDK\STM32-FD-uIP.uv2
Project File Date:  08/26/2011

<h2>Output:</h2>
Build target 'STM32-FD-uIP'
compiling main.c...
..\..\Source\src\main.c(33): warning:  #223-D: function "SPI1_Init" declared implicitly
..\..\Source\src\main.c(19): warning:  #177-D: function "DispLogo" was declared but never referenced
compiling stm32f10x_it.c...
..\..\Source\src\stm32f10x_it.c(58): warning:  #177-D: variable "RecieveData" was declared but never referenced
compiling usart_printf.c...
compiling systick.c...
compiling SPI.C...
compiling web_server.c...
..\..\Source\src\web_server.c(82): warning:  #223-D: function "httpd_init" declared implicitly
..\..\Source\src\web_server.c(192): warning:  #111-D: statement is unreachable
compiling RFID_Cmd.c...
assembling startup_stm32f10x_hd.s...
compiling stm32f10x_rcc.c...
compiling misc.c...
compiling stm32f10x_usart.c...
compiling stm32f10x_gpio.c...
compiling stm32f10x_fsmc.c...
compiling stm32f10x_spi.c...
compiling core_cm3.c...
compiling system_stm32f10x.c...
compiling psock.c...
..\..\Libraries\uIP-1.0\uip\psock.c(188): warning:  #513-D: a value of type "const char *" cannot be assigned to an entity of type "const u8_t *"
..\..\Libraries\uIP-1.0\uip\psock.c(179): warning:  #550-D: variable "PT_YIELD_FLAG" was set but never used
..\..\Libraries\uIP-1.0\uip\psock.c(218): warning:  #550-D: variable "PT_YIELD_FLAG" was set but never used
..\..\Libraries\uIP-1.0\uip\psock.c(276): warning:  #167-D: argument of type "char *" is incompatible with parameter of type "u8_t *"
..\..\Libraries\uIP-1.0\uip\psock.c(274): warning:  #550-D: variable "PT_YIELD_FLAG" was set but never used
..\..\Libraries\uIP-1.0\uip\psock.c(303): warning:  #167-D: argument of type "char *" is incompatible with parameter of type "u8_t *"
..\..\Libraries\uIP-1.0\uip\psock.c(301): warning:  #550-D: variable "PT_YIELD_FLAG" was set but never used
..\..\Libraries\uIP-1.0\uip\psock.c(334): warning:  #167-D: argument of type "char *" is incompatible with parameter of type "u8_t *"
compiling timer.c...
compiling uip.c...
..\..\Libraries\uIP-1.0\uip\uip.c(700): warning:  #223-D: function "tcp_server_appcall" declared implicitly
..\..\Libraries\uIP-1.0\uip\uip.c(751): warning:  #223-D: function "tcp_server_appcall" declared implicitly
..\..\Libraries\uIP-1.0\uip\uip.c(790): warning:  #223-D: function "tcp_server_appcall" declared implicitly
..\..\Libraries\uIP-1.0\uip\uip.c(805): warning:  #223-D: function "tcp_server_appcall" declared implicitly
..\..\Libraries\uIP-1.0\uip\uip.c(1394): warning:  #223-D: function "tcp_server_appcall" declared implicitly
..\..\Libraries\uIP-1.0\uip\uip.c(1483): warning:  #223-D: function "tcp_server_appcall" declared implicitly
..\..\Libraries\uIP-1.0\uip\uip.c(1538): warning:  #223-D: function "tcp_server_appcall" declared implicitly
..\..\Libraries\uIP-1.0\uip\uip.c(1543): warning:  #223-D: function "tcp_server_appcall" declared implicitly
..\..\Libraries\uIP-1.0\uip\uip.c(1848): warning:  #177-D: label "ip_send_nolen" was declared but never referenced
..\..\Libraries\uIP-1.0\uip\uip.c(113): warning:  #177-D: variable "all_ones_addr" was declared but never referenced
compiling uip_arp.c...
compiling uip-fw.c...
compiling uiplib.c...
compiling uip-neighbor.c...
..\..\Libraries\uIP-1.0\uip\uip-neighbor.c(90): warning:  #223-D: function "printf" declared implicitly
compiling uip-split.c...
compiling httpd.c...
..\..\Source\inc\fd_eth.h(8): warning:  #1-D: last line of file ends without a newline
..\..\Libraries\uIP-1.0\apps\webserver\httpd.c(98): warning:  #550-D: variable "PT_YIELD_FLAG" was set but never used
..\..\Libraries\uIP-1.0\apps\webserver\httpd.c(112): warning:  #550-D: variable "PT_YIELD_FLAG" was set but never used
..\..\Libraries\uIP-1.0\apps\webserver\httpd.c(133): warning:  #550-D: variable "PT_YIELD_FLAG" was set but never used
..\..\Libraries\uIP-1.0\apps\webserver\httpd.c(193): warning:  #550-D: variable "PT_YIELD_FLAG" was set but never used
..\..\Libraries\uIP-1.0\apps\webserver\httpd.c(222): warning:  #550-D: variable "PT_YIELD_FLAG" was set but never used
..\..\Libraries\uIP-1.0\apps\webserver\httpd.c(252): warning:  #550-D: variable "PT_YIELD_FLAG" was set but never used
compiling httpd-cgi.c...
..\..\Libraries\uIP-1.0\apps\webserver\httpd-cgi.c(67): warning:  #550-D: variable "PT_YIELD_FLAG" was set but never used
..\..\Libraries\uIP-1.0\apps\webserver\httpd-cgi.c(95): warning:  #550-D: variable "PT_YIELD_FLAG" was set but never used
..\..\Libraries\uIP-1.0\apps\webserver\httpd-cgi.c(167): warning:  #550-D: variable "PT_YIELD_FLAG" was set but never used
..\..\Libraries\uIP-1.0\apps\webserver\httpd-cgi.c(189): warning:  #550-D: variable "PT_YIELD_FLAG" was set but never used
compiling httpd-fs.c...
compiling http-strings.c...
compiling ENC28J60.C...
..\..\Source\src\uIP_enc28j60\ENC28J60.C(124): warning:  #177-D: variable "a" was declared but never referenced
compiling ip_arp_udp_tcp.c...
..\..\Source\src\uIP_enc28j60\ip_arp_udp_tcp.c(409): warning:  #1293-D: assignment in condition
compiling tcp_demo.c...
..\..\Source\src\tcp_demo.c(110): warning:  #177-D: variable "a" was declared but never referenced
compiling emc28j60_uip.c...
..\..\Source\src\uIP_enc28j60\emc28j60_uip.c(49): warning:  #223-D: function "init_ip_arp_udp_tcp" declared implicitly
..\..\Source\src\uIP_enc28j60\emc28j60_uip.c(84): warning:  #223-D: function "httpd_appcall" declared implicitly
..\..\Source\src\uIP_enc28j60\emc28j60_uip.c(87): warning:  #223-D: function "tcp_demo_appcall" declared implicitly
..\..\Source\src\uIP_enc28j60\emc28j60_uip.c(26): warning:  #177-D: variable "baseurl" was declared but never referenced
..\..\Source\src\uIP_enc28j60\emc28j60_uip.c(32): warning:  #177-D: variable "myudpport" was declared but never referenced
compiling tapdev.c...
..\..\Source\src\uIP_enc28j60\tapdev.c(50): warning:  #223-D: function "etherdev_init" declared implicitly
..\..\Source\src\uIP_enc28j60\tapdev.c(57): warning:  #223-D: function "enc28j60PacketReceive" declared implicitly
..\..\Source\src\uIP_enc28j60\tapdev.c(64): warning:  #223-D: function "enc28j60PacketSend" declared implicitly
compiling clock-arch.c...
linking...
Program Size: Code=16076 RO-data=7304 RW-data=248 ZI-data=11248  
FromELF: creating hex file...
".\Obj\STM32-FD-uIP.axf" - 0 Error(s), 46 Warning(s).
Load "C:\\RJ45-RFID\\Project\\RVMDK\\Obj\\STM32-FD-uIP.AXF" 

JLink info:
-----------
DLL: V4.08b, compiled Jun 30 2009 19:10:31
Firmware: J-Link ARM V7 compiled Jun 30 2009 11:05:27
Hardware: V7.00
S/N : 11111117 
Feature(s) : RDI, FlashBP, FlashDL, JFlash, GDBFull 
---
**JLink Warning: No matching core found. Selecting default core (ARM7).
***JLink Error: Supply voltage too low (1 Volt is required, Measured: 0.0 Volt).
Please check target power.
Load "C:\\RJ45-RFID\\Project\\RVMDK\\Obj\\STM32-FD-uIP.AXF" 

JLink info:
-----------
DLL: V4.08b, compiled Jun 30 2009 19:10:31
Firmware: J-Link ARM V7 compiled Jun 30 2009 11:05:27
Hardware: V7.00
S/N : 11111117 
Feature(s) : RDI, FlashBP, FlashDL, JFlash, GDBFull 
---
**JLink Warning: No matching core found. Selecting default core (ARM7).
***JLink Error: Supply voltage too low (1 Volt is required, Measured: 0.0 Volt).
Please check target power.
Load "C:\\RJ45-RFID\\Project\\RVMDK\\Obj\\STM32-FD-uIP.AXF" 

JLink info:
-----------
DLL: V4.08b, compiled Jun 30 2009 19:10:31
Firmware: J-Link ARM V7 compiled Jun 30 2009 11:05:27
Hardware: V7.00
S/N : 11111117 
Feature(s) : RDI, FlashBP, FlashDL, JFlash, GDBFull 
---
* JLink Info: TotalIRLen = 9, IRPrint = 0x0011
* JLink Info: Found Cortex-M3 r1p1, Little endian.
* JLink Info: TPIU fitted.
* JLink Info: ETM fitted.
* JLink Info:   FPUnit: 6 code (BP) slots and 2 literal slots

Target info:
------------
Device: STM32F103VE
VTarget = 3.216V
State of Pins: 
TCK: 1, TDI: 0, TDO: 1, TMS: 0, TRES: 1, TRST: 1
* JLink Info: TotalIRLen = 9, IRPrint = 0x0011
* JLink Info: Found Cortex-M3 r1p1, Little endian.
* JLink Info: TPIU fitted.
* JLink Info: ETM fitted.
* JLink Info:   FPUnit: 6 code (BP) slots and 2 literal slots
Hardware-Breakpoints: 6
Software-Breakpoints: 2048
Watchpoints:          4
JTAG speed: 2000 kHz
---
* JLink Info: TotalIRLen = 9, IRPrint = 0x0011
* JLink Info: Found Cortex-M3 r1p1, Little endian.
* JLink Info: TPIU fitted.
* JLink Info: ETM fitted.
* JLink Info:   FPUnit: 6 code (BP) slots and 2 literal slots
Full Chip Erase Done.
Programming Done.
Verify OK.
